Component: ARM Compiler 5.06 update 7 (build 960) Tool: armlink [4d3601]

==============================================================================

Section Cross References

    startup_ac78xx.o(RESET) refers to startup_ac78xx.o(STACK) for __initial_sp
    startup_ac78xx.o(RESET) refers to startup_ac78xx.o(.text) for Reset_Handler
    startup_ac78xx.o(RESET) refers to ac78xx_uart.o(i.UART1_IRQHandler) for UART1_IRQHandler
    startup_ac78xx.o(RESET) refers to ac78xx_uart.o(i.UART2_IRQHandler) for UART2_IRQHandler
    startup_ac78xx.o(RESET) refers to ac78xx_uart.o(i.UART3_IRQHandler) for UART3_IRQHandler
    startup_ac78xx.o(RESET) refers to ac78xx_uart.o(i.UART4_IRQHandler) for UART4_IRQHandler
    startup_ac78xx.o(RESET) refers to ac78xx_uart.o(i.UART5_IRQHandler) for UART5_IRQHandler
    startup_ac78xx.o(RESET) refers to ac78xx_uart.o(i.UART6_IRQHandler) for UART6_IRQHandler
    startup_ac78xx.o(RESET) refers to ac78xx_gpio.o(i.EXTI0_IRQHandler) for EXTI0_IRQHandler
    startup_ac78xx.o(RESET) refers to ac78xx_gpio.o(i.EXTI1_IRQHandler) for EXTI1_IRQHandler
    startup_ac78xx.o(RESET) refers to ac78xx_gpio.o(i.EXTI2_IRQHandler) for EXTI2_IRQHandler
    startup_ac78xx.o(RESET) refers to ac78xx_gpio.o(i.EXTI3_IRQHandler) for EXTI3_IRQHandler
    startup_ac78xx.o(RESET) refers to ac78xx_gpio.o(i.EXTI4_IRQHandler) for EXTI4_IRQHandler
    startup_ac78xx.o(RESET) refers to ac78xx_gpio.o(i.EXTI5_9_IRQHandler) for EXTI5_9_IRQHandler
    startup_ac78xx.o(RESET) refers to ac78xx_i2c.o(i.I2C1_IRQHandler) for I2C1_IRQHandler
    startup_ac78xx.o(RESET) refers to ac78xx_i2c.o(i.I2C2_IRQHandler) for I2C2_IRQHandler
    startup_ac78xx.o(RESET) refers to ac78xx_dma.o(i.DMA1_IRQHandler) for DMA1_IRQHandler
    startup_ac78xx.o(RESET) refers to ac78xx_dma.o(i.DMA2_IRQHandler) for DMA2_IRQHandler
    startup_ac78xx.o(RESET) refers to ac78xx_dma.o(i.DMA3_IRQHandler) for DMA3_IRQHandler
    startup_ac78xx.o(RESET) refers to ac78xx_dma.o(i.DMA4_IRQHandler) for DMA4_IRQHandler
    startup_ac78xx.o(RESET) refers to ac78xx_dma.o(i.DMA5_IRQHandler) for DMA5_IRQHandler
    startup_ac78xx.o(RESET) refers to ac78xx_dma.o(i.DMA6_IRQHandler) for DMA6_IRQHandler
    startup_ac78xx.o(RESET) refers to ac78xx_dma.o(i.DMA7_IRQHandler) for DMA7_IRQHandler
    startup_ac78xx.o(RESET) refers to ac78xx_dma.o(i.DMA8_IRQHandler) for DMA8_IRQHandler
    startup_ac78xx.o(RESET) refers to ac78xx_dma.o(i.DMA9_IRQHandler) for DMA9_IRQHandler
    startup_ac78xx.o(RESET) refers to ac78xx_dma.o(i.DMA10_IRQHandler) for DMA10_IRQHandler
    startup_ac78xx.o(RESET) refers to ac78xx_dma.o(i.DMA11_IRQHandler) for DMA11_IRQHandler
    startup_ac78xx.o(RESET) refers to ac78xx_dma.o(i.DMA12_IRQHandler) for DMA12_IRQHandler
    startup_ac78xx.o(RESET) refers to ac78xx_timer.o(i.TIMER0_IRQHandler) for TIMER0_IRQHandler
    startup_ac78xx.o(RESET) refers to ac78xx_timer.o(i.TIMER1_IRQHandler) for TIMER1_IRQHandler
    startup_ac78xx.o(RESET) refers to ac78xx_gpio.o(i.EXTI10_15_IRQHandler) for EXTI10_15_IRQHandler
    startup_ac78xx.o(RESET) refers to ac78xx_spm.o(i.SPM_IRQHandler) for SPM_IRQHandler
    startup_ac78xx.o(RESET) refers to ac78xx_can.o(i.CAN1_Handler) for CAN1_Handler
    startup_ac78xx.o(RESET) refers to ac78xx_can.o(i.CAN2_Handler) for CAN2_Handler
    startup_ac78xx.o(RESET) refers to ac78xx_timer.o(i.TIMER2_IRQHandler) for TIMER2_IRQHandler
    startup_ac78xx.o(RESET) refers to ac78xx_timer.o(i.TIMER3_IRQHandler) for TIMER3_IRQHandler
    startup_ac78xx.o(RESET) refers to ac78xx_timer.o(i.TIMER4_IRQHandler) for TIMER4_IRQHandler
    startup_ac78xx.o(RESET) refers to ac78xx_timer.o(i.TIMER5_IRQHandler) for TIMER5_IRQHandler
    startup_ac78xx.o(RESET) refers to ac78xx_timer.o(i.TIMER6_IRQHandler) for TIMER6_IRQHandler
    startup_ac78xx.o(RESET) refers to ac78xx_timer.o(i.TIMER7_IRQHandler) for TIMER7_IRQHandler
    startup_ac78xx.o(.text) refers to system_ac78xx.o(i.SystemInit) for SystemInit
    startup_ac78xx.o(.text) refers to entry.o(.ARM.Collect$$$$00000000) for __main
    main.o(i.SystemClock_Config) refers to ac78xx_spm.o(i.SPM_EnableXOSC) for SPM_EnableXOSC
    main.o(i.SystemClock_Config) refers to ac78xx_spm.o(i.SPM_EnablePLL) for SPM_EnablePLL
    main.o(i.SystemClock_Config) refers to ac78xx_ckgen.o(i.CKGEN_SetPLLReference) for CKGEN_SetPLLReference
    main.o(i.SystemClock_Config) refers to ac78xx_ckgen.o(i.CKGEN_SetPllPrevDiv) for CKGEN_SetPllPrevDiv
    main.o(i.SystemClock_Config) refers to ac78xx_ckgen.o(i.CKGEN_SetPllFeedbackDiv) for CKGEN_SetPllFeedbackDiv
    main.o(i.SystemClock_Config) refers to ac78xx_ckgen.o(i.CKGEN_SetPllPostDiv) for CKGEN_SetPllPostDiv
    main.o(i.SystemClock_Config) refers to ac78xx_ckgen.o(i.CKGEN_SetSysclkDiv) for CKGEN_SetSysclkDiv
    main.o(i.SystemClock_Config) refers to ac78xx_ckgen.o(i.CKGEN_SetSysclkSrc) for CKGEN_SetSysclkSrc
    main.o(i.SystemClock_Config) refers to ac78xx_ckgen.o(i.CKGEN_SetAPBClockDivider) for CKGEN_SetAPBClockDivider
[...]
    ../Drivers/ATC_Driver/Src/ac78xx_gpio.c  0x00000000   Number         0  ac78xx_gpio.o ABSOLUTE
    ../Drivers/ATC_Driver/Src/ac78xx_i2c.c   0x00000000   Number         0  ac78xx_i2c.o ABSOLUTE
    ../Drivers/ATC_Driver/Src/ac78xx_timer.c 0x00000000   Number         0  ac78xx_timer.o ABSOLUTE
    ../Drivers/ATC_Driver/Src/ac78xx_uart.c  0x00000000   Number         0  ac78xx_uart.o ABSOLUTE
    ../Drivers/Device/Source/ac78xx_ckgen.c  0x00000000   Number         0  ac78xx_ckgen.o ABSOLUTE
    ../Drivers/Device/Source/ac78xx_spm.c    0x00000000   Number         0  ac78xx_spm.o ABSOLUTE
    ../Src/ac78xx_irq_cb.c                   0x00000000   Number         0  ac78xx_irq_cb.o ABSOLUTE
    ../Src/ac78xx_msp.c                      0x00000000   Number         0  ac78xx_msp.o ABSOLUTE
    ../Src/can.c                             0x00000000   Number         0  can.o ABSOLUTE
    ../Src/gpio.c                            0x00000000   Number         0  gpio.o ABSOLUTE
    ../Src/i2c.c                             0x00000000   Number         0  i2c.o ABSOLUTE
    ../Src/main.c                            0x00000000   Number         0  main.o ABSOLUTE
    ../Src/system_ac78xx.c                   0x00000000   Number         0  system_ac78xx.o ABSOLUTE
    ../Src/timer.c                           0x00000000   Number         0  timer.o ABSOLUTE
    ../Src/uart.c                            0x00000000   Number         0  uart.o ABSOLUTE
    ../clib/microlib/errno.c                 0x00000000   Number         0  errno.o ABSOLUTE
    ../clib/microlib/init/entry.s            0x00000000   Number         0  entry8b.o ABSOLUTE
    ../clib/microlib/init/entry.s            0x00000000   Number         0  entry9b.o ABSOLUTE
    ../clib/microlib/init/entry.s            0x00000000   Number         0  entry.o ABSOLUTE
    ../clib/microlib/init/entry.s            0x00000000   Number         0  entry12b.o ABSOLUTE
    ../clib/microlib/init/entry.s            0x00000000   Number         0  entry5.o ABSOLUTE
    ../clib/microlib/init/entry.s            0x00000000   Number         0  entry12a.o ABSOLUTE
    ../clib/microlib/init/entry.s            0x00000000   Number         0  entry11b.o ABSOLUTE
    ../clib/microlib/init/entry.s            0x00000000   Number         0  entry7b.o ABSOLUTE
    ../clib/microlib/init/entry.s            0x00000000   Number         0  entry11a.o ABSOLUTE
    ../clib/microlib/init/entry.s            0x00000000   Number         0  entry10b.o ABSOLUTE
    ../clib/microlib/init/entry.s            0x00000000   Number         0  entry2.o ABSOLUTE
    ../clib/microlib/init/entry.s            0x00000000   Number         0  entry10a.o ABSOLUTE
    ../clib/microlib/init/entry.s            0x00000000   Number         0  entry7a.o ABSOLUTE
    ../clib/microlib/init/entry.s            0x00000000   Number         0  entry9a.o ABSOLUTE
    ../clib/microlib/init/entry.s            0x00000000   Number         0  entry8a.o ABSOLUTE
    ../clib/microlib/longlong.c              0x00000000   Number         0  llsshr.o ABSOLUTE
    ../clib/microlib/longlong.c              0x00000000   Number         0  llushr.o ABSOLUTE
    ../clib/microlib/longlong.c              0x00000000   Number         0  llshl.o ABSOLUTE
    ../clib/microlib/string/memcpy.c         0x00000000   Number         0  memcpya.o ABSOLUTE
    ../clib/microlib/string/memcpy.c         0x00000000   Number         0  memcpyb.o ABSOLUTE
    ../clib/microlib/string/memset.c         0x00000000   Number         0  memseta.o ABSOLUTE
    ../clib/microlib/string/strcmp.c         0x00000000   Number         0  strcmp.o ABSOLUTE
    ../clib/microlib/stubs.s                 0x00000000   Number         0  iusefp.o ABSOLUTE
    ../fplib/microlib/fpadd.c                0x00000000   Number         0  dadd.o ABSOLUTE
    ../fplib/microlib/fpadd.c                0x00000000   Number         0  fadd.o ABSOLUTE
    ../fplib/microlib/fpdiv.c                0x00000000   Number         0  fdiv.o ABSOLUTE
    ../fplib/microlib/fpdiv.c                0x00000000   Number         0  ddiv.o ABSOLUTE
    ../fplib/microlib/fpepilogue.c           0x00000000   Number         0  fepilogue.o ABSOLUTE
    ../fplib/microlib/fpepilogue.c           0x00000000   Number         0  depilogue.o ABSOLUTE
    ../fplib/microlib/fpfix.c                0x00000000   Number         0  ffixul.o ABSOLUTE
    ../fplib/microlib/fpfix.c                0x00000000   Number         0  dfixui.o ABSOLUTE
    ../fplib/microlib/fpfix.c                0x00000000   Number         0  ffixui.o ABSOLUTE
    ../fplib/microlib/fpflt.c                0x00000000   Number         0  dflti.o ABSOLUTE
    ../fplib/microlib/fpflt.c                0x00000000   Number         0  ffltui.o ABSOLUTE
    ../fplib/microlib/fpflt.c                0x00000000   Number         0  dfltui.o ABSOLUTE
    ../fplib/microlib/fpmul.c                0x00000000   Number         0  dmul.o ABSOLUTE
    ../fplib/microlib/fpmul.c                0x00000000   Number         0  fmul.o ABSOLUTE
    ../fplib/microlib/fpscalb.c              0x00000000   Number         0  dscalb.o ABSOLUTE
    ../mathlib/dunder.c                      0x00000000   Number         0  dunder.o ABSOLUTE
    ../mathlib/log.c                         0x00000000   Number         0  log_x.o ABSOLUTE
    ../mathlib/log.c                         0x00000000   Number         0  log.o ABSOLUTE
    ../mathlib/poly.c                        0x00000000   Number         0  poly.o ABSOLUTE
    ../mathlib/qnan.c                        0x00000000   Number         0  qnan.o ABSOLUTE
    ..\Drivers\ATC_Driver\Src\ac78xx_can.c   0x00000000   Number         0  ac78xx_can.o ABSOLUTE
    ..\Drivers\ATC_Driver\Src\ac78xx_dma.c   0x00000000   Number         0  ac78xx_dma.o ABSOLUTE
    ..\Drivers\ATC_Driver\Src\ac78xx_gpio.c  0x00000000   Number         0  ac78xx_gpio.o ABSOLUTE
    ..\Drivers\ATC_Driver\Src\ac78xx_i2c.c   0x00000000   Number         0  ac78xx_i2c.o ABSOLUTE
    ..\Drivers\ATC_Driver\Src\ac78xx_timer.c 0x00000000   Number         0  ac78xx_timer.o ABSOLUTE
    ..\Drivers\ATC_Driver\Src\ac78xx_uart.c  0x00000000   Number         0  ac78xx_uart.o ABSOLUTE
    ..\Drivers\Device\Source\ac78xx_ckgen.c  0x00000000   Number         0  ac78xx_ckgen.o ABSOLUTE
    ..\Drivers\Device\Source\ac78xx_spm.c    0x00000000   Number         0  ac78xx_spm.o ABSOLUTE
    ..\Src\ac78xx_irq_cb.c                   0x00000000   Number         0  ac78xx_irq_cb.o ABSOLUTE
    ..\Src\ac78xx_msp.c                      0x00000000   Number         0  ac78xx_msp.o ABSOLUTE
    ..\Src\can.c                             0x00000000   Number         0  can.o ABSOLUTE
    ..\Src\gpio.c                            0x00000000   Number         0  gpio.o ABSOLUTE
    ..\Src\i2c.c                             0x00000000   Number         0  i2c.o ABSOLUTE
    ..\Src\main.c                            0x00000000   Number         0  main.o ABSOLUTE
    ..\Src\system_ac78xx.c                   0x00000000   Number         0  system_ac78xx.o ABSOLUTE
    ..\Src\timer.c                           0x00000000   Number         0  timer.o ABSOLUTE
    ..\Src\uart.c                            0x00000000   Number         0  uart.o ABSOLUTE
    cdcmple.s                                0x00000000   Number         0  cdcmple.o ABSOLUTE
    dc.s                                     0x00000000   Number         0  dc.o ABSOLUTE
    handlers.s                               0x00000000   Number         0  handlers.o ABSOLUTE
    init.s                                   0x00000000   Number         0  init.o ABSOLUTE
    startup_ac78xx.s                         0x00000000   Number         0  startup_ac78xx.o ABSOLUTE
    RESET                                    0x08000000   Section      284  startup_ac78xx.o(RESET)
    .ARM.Collect$$$$00000000                 0x0800011c   Section        0  entry.o(.ARM.Collect$$$$00000000)
    .ARM.Collect$$$$00000001                 0x0800011c   Section        4  entry2.o(.ARM.Collect$$$$00000001)
    .ARM.Collect$$$$00000004                 0x08000120   Section        4  entry5.o(.ARM.Collect$$$$00000004)
    .ARM.Collect$$$$00000008                 0x08000124   Section        0  entry7b.o(.ARM.Collect$$$$00000008)
    .ARM.Collect$$$$0000000A                 0x08000124   Section        0  entry8b.o(.ARM.Collect$$$$0000000A)
    .ARM.Collect$$$$0000000B                 0x08000124   Section        8  entry9a.o(.ARM.Collect$$$$0000000B)
    .ARM.Collect$$$$0000000E                 0x0800012c   Section        4  entry12b.o(.ARM.Collect$$$$0000000E)
    .ARM.Collect$$$$0000000F                 0x08000130   Section        0  entry10a.o(.ARM.Collect$$$$0000000F)
    .ARM.Collect$$$$00000011                 0x08000130   Section        0  entry11a.o(.ARM.Collect$$$$00000011)
    .ARM.Collect$$$$00002712                 0x08000130   Section        4  entry2.o(.ARM.Collect$$$$00002712)
    __lit__00000000                          0x08000130   Data           4  entry2.o(.ARM.Collect$$$$00002712)
    .text                                    0x08000134   Section       76  startup_ac78xx.o(.text)
    .text                                    0x08000180   Section        0  memseta.o(.text)
    .text                                    0x080001a4   Section        0  strcmp.o(.text)
    .text                                    0x080001c0   Section        0  fadd.o(.text)
    .text                                    0x08000270   Section        0  fmul.o(.text)
    .text                                    0x080002d4   Section        0  fdiv.o(.text)
    .text                                    0x08000350   Section        0  ddiv.o(.text)
    .text                                    0x0800042e   Section        0  ffltui.o(.text)
    .text                                    0x08000438   Section        0  dfltui.o(.text)
    .text                                    0x08000452   Section        0  ffixui.o(.text)
    .text                                    0x0800047a   Section        0  ffixul.o(.text)
    .text                                    0x080004a6   Section        0  dfixui.o(.text)
    .text                                    0x080004d8   Section        0  llshl.o(.text)
    .text                                    0x080004f6   Section        0  llushr.o(.text)
    .text                                    0x08000516   Section        0  iusefp.o(.text)
    .text                                    0x08000516   Section        0  fepilogue.o(.text)
    .text                                    0x08000584   Section        0  depilogue.o(.text)
    .text                                    0x0800063e   Section        0  dadd.o(.text)
    .text                                    0x0800078c   Section        0  dmul.o(.text)
    .text                                    0x08000870   Section        0  dscalb.o(.text)
    .text                                    0x0800089e   Section        0  dflti.o(.text)
    .text                                    0x080008c0   Section       48  cdcmple.o(.text)
    .text                                    0x080008f0   Section       36  init.o(.text)
    .text                                    0x08000914   Section        0  llsshr.o(.text)
    i.ATC_CAN1_Init                          0x08000938   Section        0  can.o(i.ATC_CAN1_Init)
    i.ATC_CAN2_Init                          0x080009cc   Section        0  can.o(i.ATC_CAN2_Init)
    i.ATC_GPIO_Init                          0x08000a60   Section        0  gpio.o(i.ATC_GPIO_Init)
    i.ATC_I2C2_Init                          0x08000aa4   Section        0  i2c.o(i.ATC_I2C2_Init)
    i.ATC_TIMER0_Init                        0x08000b6c   Section        0  timer.o(i.ATC_TIMER0_Init)
    i.ATC_TIMER1_Init                        0x08000bac   Section        0  timer.o(i.ATC_TIMER1_Init)
    i.ATC_UART1_Init                         0x08000bec   Section        0  uart.o(i.ATC_UART1_Init)
    i.ATC_UART3_Init                         0x08000c48   Section        0  uart.o(i.ATC_UART3_Init)
    i.CAN1_Handler                           0x08000ca4   Section        0  ac78xx_can.o(i.CAN1_Handler)
    i.CAN1_IRQHandler_Callback               0x08000cb4   Section        0  ac78xx_irq_cb.o(i.CAN1_IRQHandler_Callback)
    i.CAN2_Handler                           0x08000eec   Section        0  ac78xx_can.o(i.CAN2_Handler)
    i.CAN2_IRQHandler_Callback               0x08000efc   Section        0  ac78xx_irq_cb.o(i.CAN2_IRQHandler_Callback)
    i.CAN_HandleEvent                        0x08001134   Section        0  ac78xx_can.o(i.CAN_HandleEvent)
    i.CAN_Initialize                         0x08001208   Section        0  ac78xx_can.o(i.CAN_Initialize)
    i.CAN_IsMsgInReceiveBuf                  0x08001418   Section        0  ac78xx_irq_cb.o(i.CAN_IsMsgInReceiveBuf)
    CAN_IsMsgInReceiveBuf                    0x08001419   Thumb Code    12  ac78xx_irq_cb.o(i.CAN_IsMsgInReceiveBuf)
    i.CAN_MessageRead                        0x08001424   Section        0  ac78xx_can.o(i.CAN_MessageRead)
    i.CAN_MessageSend                        0x08001494   Section        0  ac78xx_can.o(i.CAN_MessageSend)
    i.CAN_SetBitrate                         0x08001524   Section        0  ac78xx_can.o(i.CAN_SetBitrate)
    CAN_SetBitrate                           0x08001525   Thumb Code    72  ac78xx_can.o(i.CAN_SetBitrate)
    i.CAN_SetEventCallBack                   0x0800156c   Section        0  ac78xx_can.o(i.CAN_SetEventCallBack)
    i.CAN_SetFilter                          0x08001598   Section        0  ac78xx_can.o(i.CAN_SetFilter)
    i.CAN_SetMsgInfo                         0x0800161c   Section        0  ac78xx_can.o(i.CAN_SetMsgInfo)
    i.CAN_Standby                            0x0800169c   Section        0  can.o(i.CAN_Standby)
    CAN_Standby                              0x0800169d   Thumb Code    72  can.o(i.CAN_Standby)
    i.CAN_WaitTransmissionDone               0x080016e4   Section        0  ac78xx_can.o(i.CAN_WaitTransmissionDone)
    i.CAN_WaitTransmissionIdle               0x08001718   Section        0  ac78xx_can.o(i.CAN_WaitTransmissionIdle)
    i.CKGEN_Enable                           0x08001768   Section        0  ac78xx_ckgen.o(i.CKGEN_Enable)
    i.CKGEN_SetAPBClockDivider               0x080017ac   Section        0  ac78xx_ckgen.o(i.CKGEN_SetAPBClockDivider)
    i.CKGEN_SetCANClock                      0x080017be   Section        0  ac78xx_ckgen.o(i.CKGEN_SetCANClock)
    i.CKGEN_SetPLLReference                  0x080017fc   Section        0  ac78xx_ckgen.o(i.CKGEN_SetPLLReference)
    i.CKGEN_SetPllFeedbackDiv                0x08001810   Section        0  ac78xx_ckgen.o(i.CKGEN_SetPllFeedbackDiv)
    i.CKGEN_SetPllPostDiv                    0x08001828   Section        0  ac78xx_ckgen.o(i.CKGEN_SetPllPostDiv)
    i.CKGEN_SetPllPrevDiv                    0x08001840   Section        0  ac78xx_ckgen.o(i.CKGEN_SetPllPrevDiv)
    i.CKGEN_SetSFlashClock                   0x08001858   Section        0  ac78xx_ckgen.o(i.CKGEN_SetSFlashClock)
    i.CKGEN_SetSysclkDiv                     0x08001878   Section        0  ac78xx_ckgen.o(i.CKGEN_SetSysclkDiv)
    i.CKGEN_SetSysclkSrc                     0x0800188a   Section        0  ac78xx_ckgen.o(i.CKGEN_SetSysclkSrc)
    i.CKGEN_SoftReset                        0x0800189c   Section        0  ac78xx_ckgen.o(i.CKGEN_SoftReset)
    i.DMA10_IRQHandler                       0x080018e0   Section        0  ac78xx_dma.o(i.DMA10_IRQHandler)
    i.DMA11_IRQHandler                       0x08001908   Section        0  ac78xx_dma.o(i.DMA11_IRQHandler)
    i.DMA12_IRQHandler                       0x08001930   Section        0  ac78xx_dma.o(i.DMA12_IRQHandler)
    i.DMA1_IRQHandler                        0x08001958   Section        0  ac78xx_dma.o(i.DMA1_IRQHandler)
    i.DMA2_IRQHandler                        0x08001980   Section        0  ac78xx_dma.o(i.DMA2_IRQHandler)
    i.DMA3_IRQHandler                        0x080019a8   Section        0  ac78xx_dma.o(i.DMA3_IRQHandler)
    i.DMA4_IRQHandler                        0x080019d0   Section        0  ac78xx_dma.o(i.DMA4_IRQHandler)
    i.DMA5_IRQHandler                        0x080019f8   Section        0  ac78xx_dma.o(i.DMA5_IRQHandler)
    i.DMA6_IRQHandler                        0x08001a20   Section        0  ac78xx_dma.o(i.DMA6_IRQHandler)
    i.DMA7_IRQHandler                        0x08001a48   Section        0  ac78xx_dma.o(i.DMA7_IRQHandler)
    i.DMA8_IRQHandler                        0x08001a70   Section        0  ac78xx_dma.o(i.DMA8_IRQHandler)
    i.DMA9_IRQHandler                        0x08001a98   Section        0  ac78xx_dma.o(i.DMA9_IRQHandler)
    i.DMA_ChannelHardRst                     0x08001ac0   Section        0  ac78xx_dma.o(i.DMA_ChannelHardRst)
    DMA_ChannelHardRst                       0x08001ac1   Thumb Code    20  ac78xx_dma.o(i.DMA_ChannelHardRst)
    i.DMA_ClearFlag                          0x08001ad4   Section        0  ac78xx_dma.o(i.DMA_ClearFlag)
    i.EXTI0_IRQHandler                       0x08001af0   Section        0  ac78xx_gpio.o(i.EXTI0_IRQHandler)
    i.EXTI10_15_IRQHandler                   0x08001b14   Section        0  ac78xx_gpio.o(i.EXTI10_15_IRQHandler)
    i.EXTI1_IRQHandler                       0x08001b8c   Section        0  ac78xx_gpio.o(i.EXTI1_IRQHandler)
    i.EXTI2_IRQHandler                       0x08001bb0   Section        0  ac78xx_gpio.o(i.EXTI2_IRQHandler)
    i.EXTI3_IRQHandler                       0x08001bd4   Section        0  ac78xx_gpio.o(i.EXTI3_IRQHandler)
    i.EXTI4_IRQHandler                       0x08001bf8   Section        0  ac78xx_gpio.o(i.EXTI4_IRQHandler)
    i.EXTI5_9_IRQHandler                     0x08001c1c   Section        0  ac78xx_gpio.o(i.EXTI5_9_IRQHandler)
    i.GPIO_ClearPendingExtInt                0x08001c94   Section        0  ac78xx_gpio.o(i.GPIO_ClearPendingExtInt)
    i.GPIO_GetGPIOxIDR                       0x08001cac   Section        0  ac78xx_gpio.o(i.GPIO_GetGPIOxIDR)
    GPIO_GetGPIOxIDR                         0x08001cad   Thumb Code     6  ac78xx_gpio.o(i.GPIO_GetGPIOxIDR)
    i.GPIO_GetPMUXConfig                     0x08001cb4   Section        0  ac78xx_gpio.o(i.GPIO_GetPMUXConfig)
    i.GPIO_GetPendingExtIntGPIONum           0x08001cc8   Section        0  ac78xx_gpio.o(i.GPIO_GetPendingExtIntGPIONum)
    i.GPIO_GetPendingIRQMask                 0x08001db8   Section        0  ac78xx_gpio.o(i.GPIO_GetPendingIRQMask)
    i.GPIO_GetPinValue                       0x08001dc4   Section        0  ac78xx_gpio.o(i.GPIO_GetPinValue)
    i.GPIO_ResetPinBits                      0x08001e38   Section        0  ac78xx_gpio.o(i.GPIO_ResetPinBits)
    i.GPIO_SetDir                            0x08001ea0   Section        0  ac78xx_gpio.o(i.GPIO_SetDir)
    i.GPIO_SetE4E2                           0x08001f18   Section        0  ac78xx_gpio.o(i.GPIO_SetE4E2)
    i.GPIO_SetFunc                           0x08001f98   Section        0  ac78xx_gpio.o(i.GPIO_SetFunc)
    i.GPIO_SetGPIOxBRRx                      0x08001fc4   Section        0  ac78xx_gpio.o(i.GPIO_SetGPIOxBRRx)
    GPIO_SetGPIOxBRRx                        0x08001fc5   Thumb Code   242  ac78xx_gpio.o(i.GPIO_SetGPIOxBRRx)
    i.GPIO_SetGPIOxBSRRx                     0x080020b6   Section        0  ac78xx_gpio.o(i.GPIO_SetGPIOxBSRRx)
    GPIO_SetGPIOxBSRRx                       0x080020b7   Thumb Code   242  ac78xx_gpio.o(i.GPIO_SetGPIOxBSRRx)
    i.GPIO_SetGPIOxE4E2x                     0x080021a8   Section        0  ac78xx_gpio.o(i.GPIO_SetGPIOxE4E2x)
    GPIO_SetGPIOxE4E2x                       0x080021a9   Thumb Code   192  ac78xx_gpio.o(i.GPIO_SetGPIOxE4E2x)
    i.GPIO_SetGPIOxMODE                      0x08002268   Section        0  ac78xx_gpio.o(i.GPIO_SetGPIOxMODE)
    GPIO_SetGPIOxMODE                        0x08002269   Thumb Code   192  ac78xx_gpio.o(i.GPIO_SetGPIOxMODE)
    i.GPIO_SetGPIOxODRx                      0x08002328   Section        0  ac78xx_gpio.o(i.GPIO_SetGPIOxODRx)
    GPIO_SetGPIOxODRx                        0x08002329   Thumb Code   192  ac78xx_gpio.o(i.GPIO_SetGPIOxODRx)
    i.GPIO_SetPinBits                        0x080023e8   Section        0  ac78xx_gpio.o(i.GPIO_SetPinBits)
    i.GPIO_SetPinValue                       0x08002450   Section        0  ac78xx_gpio.o(i.GPIO_SetPinValue)
    i.GetCanIndex                            0x080024c8   Section        0  ac78xx_can.o(i.GetCanIndex)
    GetCanIndex                              0x080024c9   Thumb Code    16  ac78xx_can.o(i.GetCanIndex)
    i.I2C1_IRQHandler                        0x080024dc   Section        0  ac78xx_i2c.o(i.I2C1_IRQHandler)
    i.I2C2_IRQHandler                        0x08002504   Section        0  ac78xx_i2c.o(i.I2C2_IRQHandler)
    i.I2C_ClrStatus1                         0x0800252c   Section        0  ac78xx_i2c.o(i.I2C_ClrStatus1)
    I2C_ClrStatus1                           0x0800252d   Thumb Code     4  ac78xx_i2c.o(i.I2C_ClrStatus1)
    i.I2C_DisableDMARx                       0x08002530   Section        0  ac78xx_i2c.o(i.I2C_DisableDMARx)
    I2C_DisableDMARx                         0x08002531   Thumb Code    10  ac78xx_i2c.o(i.I2C_DisableDMARx)
    i.I2C_DisableDMATx                       0x0800253a   Section        0  ac78xx_i2c.o(i.I2C_DisableDMATx)
    I2C_DisableDMATx                         0x0800253b   Thumb Code    10  ac78xx_i2c.o(i.I2C_DisableDMATx)
    i.I2C_DisableInt                         0x08002544   Section        0  ac78xx_i2c.o(i.I2C_DisableInt)
    I2C_DisableInt                           0x08002545   Thumb Code    10  ac78xx_i2c.o(i.I2C_DisableInt)
    i.I2C_EnableDMARx                        0x0800254e   Section        0  ac78xx_i2c.o(i.I2C_EnableDMARx)
    I2C_EnableDMARx                          0x0800254f   Thumb Code    12  ac78xx_i2c.o(i.I2C_EnableDMARx)
    i.I2C_EnableDMATx                        0x0800255a   Section        0  ac78xx_i2c.o(i.I2C_EnableDMATx)
    I2C_EnableDMATx                          0x0800255b   Thumb Code    12  ac78xx_i2c.o(i.I2C_EnableDMATx)
    i.I2C_EnableInt                          0x08002566   Section        0  ac78xx_i2c.o(i.I2C_EnableInt)
    I2C_EnableInt                            0x08002567   Thumb Code    12  ac78xx_i2c.o(i.I2C_EnableInt)
    i.I2C_GetStatus1                         0x08002572   Section        0  ac78xx_i2c.o(i.I2C_GetStatus1)
    I2C_GetStatus1                           0x08002573   Thumb Code     6  ac78xx_i2c.o(i.I2C_GetStatus1)
    i.I2C_Initialize                         0x08002578   Section        0  ac78xx_i2c.o(i.I2C_Initialize)
    i.I2C_IsBusy                             0x0800279c   Section        0  ac78xx_i2c.o(i.I2C_IsBusy)
    I2C_IsBusy                               0x0800279d   Thumb Code    10  ac78xx_i2c.o(i.I2C_IsBusy)
    i.I2C_IsReady                            0x080027a6   Section        0  ac78xx_i2c.o(i.I2C_IsReady)
    I2C_IsReady                              0x080027a7   Thumb Code    10  ac78xx_i2c.o(i.I2C_IsReady)
    i.I2C_PageRead                           0x080027b0   Section        0  i2c.o(i.I2C_PageRead)
    i.I2C_PageWrite                          0x080028a8   Section        0  i2c.o(i.I2C_PageWrite)
    i.I2C_ReadDataReg                        0x08002934   Section        0  ac78xx_i2c.o(i.I2C_ReadDataReg)
    I2C_ReadDataReg                          0x08002935   Thumb Code     8  ac78xx_i2c.o(i.I2C_ReadDataReg)
    i.I2C_ReadLastOneByte                    0x0800293c   Section        0  ac78xx_i2c.o(i.I2C_ReadLastOneByte)
    i.I2C_ReadOneByte                        0x08002974   Section        0  ac78xx_i2c.o(i.I2C_ReadOneByte)
    i.I2C_Restart                            0x080029d4   Section        0  ac78xx_i2c.o(i.I2C_Restart)
    i.I2C_SendAck                            0x08002a10   Section        0  ac78xx_i2c.o(i.I2C_SendAck)
    I2C_SendAck                              0x08002a11   Thumb Code    10  ac78xx_i2c.o(i.I2C_SendAck)
    i.I2C_SendNack                           0x08002a1a   Section        0  ac78xx_i2c.o(i.I2C_SendNack)
    I2C_SendNack                             0x08002a1b   Thumb Code    12  ac78xx_i2c.o(i.I2C_SendNack)
    i.I2C_SendStart                          0x08002a26   Section        0  ac78xx_i2c.o(i.I2C_SendStart)
    I2C_SendStart                            0x08002a27   Thumb Code    12  ac78xx_i2c.o(i.I2C_SendStart)
    i.I2C_Start                              0x08002a34   Section        0  ac78xx_i2c.o(i.I2C_Start)
    i.I2C_Stop                               0x08002a74   Section        0  ac78xx_i2c.o(i.I2C_Stop)
    i.I2C_TxEn                               0x08002abc   Section        0  ac78xx_i2c.o(i.I2C_TxEn)
    I2C_TxEn                                 0x08002abd   Thumb Code    12  ac78xx_i2c.o(i.I2C_TxEn)
    i.I2C_WriteDataReg                       0x08002ac8   Section        0  ac78xx_i2c.o(i.I2C_WriteDataReg)
    I2C_WriteDataReg                         0x08002ac9   Thumb Code     4  ac78xx_i2c.o(i.I2C_WriteDataReg)
    i.I2C_WriteOneByte                       0x08002acc   Section        0  ac78xx_i2c.o(i.I2C_WriteOneByte)
    i.InitDelay                              0x08002b2c   Section        0  system_ac78xx.o(i.InitDelay)
    i.MSP_CAN_Init                           0x08002b4c   Section        0  can.o(i.MSP_CAN_Init)
    i.MSP_I2C_Init                           0x08002ba4   Section        0  i2c.o(i.MSP_I2C_Init)
    i.MSP_TIMER_Init                         0x08002bc4   Section        0  timer.o(i.MSP_TIMER_Init)
    i.MSP_UART_Init                          0x08002bfc   Section        0  uart.o(i.MSP_UART_Init)
    i.PMUX_SetPMUXxPFSELx                    0x08002c54   Section        0  ac78xx_gpio.o(i.PMUX_SetPMUXxPFSELx)
    PMUX_SetPMUXxPFSELx                      0x08002c55   Thumb Code   126  ac78xx_gpio.o(i.PMUX_SetPMUXxPFSELx)
    i.SPM_EnablePLL                          0x08002cd4   Section        0  ac78xx_spm.o(i.SPM_EnablePLL)
    i.SPM_EnableXOSC                         0x08002d18   Section        0  ac78xx_spm.o(i.SPM_EnableXOSC)
    i.SPM_GetModuleWakeupSourceFlag          0x08002d5c   Section        0  ac78xx_spm.o(i.SPM_GetModuleWakeupSourceFlag)
    i.SPM_IRQHandler                         0x08002d68   Section        0  ac78xx_spm.o(i.SPM_IRQHandler)
    i.SetEflashClock                         0x08002dac   Section        0  system_ac78xx.o(i.SetEflashClock)
    i.SysTickDelay                           0x08002e1c   Section        0  system_ac78xx.o(i.SysTickDelay)
    SysTickDelay                             0x08002e1d   Thumb Code    64  system_ac78xx.o(i.SysTickDelay)
    i.SysTickRepeatDelay                     0x08002e5c   Section        0  system_ac78xx.o(i.SysTickRepeatDelay)
    SysTickRepeatDelay                       0x08002e5d   Thumb Code    26  system_ac78xx.o(i.SysTickRepeatDelay)
    i.SystemClock_Config                     0x08002e76   Section        0  main.o(i.SystemClock_Config)
    i.SystemInit                             0x08002eb8   Section        0  system_ac78xx.o(i.SystemInit)
    i.TIMER0_IRQHandler                      0x08002ec0   Section        0  ac78xx_timer.o(i.TIMER0_IRQHandler)
    i.TIMER0_IRQHandler_Callback             0x08002ed8   Section        0  ac78xx_irq_cb.o(i.TIMER0_IRQHandler_Callback)
    i.TIMER1_IRQHandler                      0x08002eec   Section        0  ac78xx_timer.o(i.TIMER1_IRQHandler)
    i.TIMER1_IRQHandler_Callback             0x08002f04   Section        0  ac78xx_irq_cb.o(i.TIMER1_IRQHandler_Callback)
    i.TIMER2_IRQHandler                      0x08002f2c   Section        0  ac78xx_timer.o(i.TIMER2_IRQHandler)
    i.TIMER3_IRQHandler                      0x08002f44   Section        0  ac78xx_timer.o(i.TIMER3_IRQHandler)
    i.TIMER4_IRQHandler                      0x08002f5c   Section        0  ac78xx_timer.o(i.TIMER4_IRQHandler)
    i.TIMER5_IRQHandler                      0x08002f74   Section        0  ac78xx_timer.o(i.TIMER5_IRQHandler)
    i.TIMER6_IRQHandler                      0x08002f8c   Section        0  ac78xx_timer.o(i.TIMER6_IRQHandler)
    i.TIMER7_IRQHandler                      0x08002fa4   Section        0  ac78xx_timer.o(i.TIMER7_IRQHandler)
    i.TIMER_ClrIntFlag                       0x08002fbc   Section        0  ac78xx_timer.o(i.TIMER_ClrIntFlag)
    i.TIMER_GetTimerCtrl                     0x08002fc8   Section        0  ac78xx_timer.o(i.TIMER_GetTimerCtrl)
    i.TIMER_Init                             0x08002fdc   Section        0  ac78xx_timer.o(i.TIMER_Init)
    i.TIMER_ModuleEnable                     0x08003078   Section        0  ac78xx_timer.o(i.TIMER_ModuleEnable)
    i.TIMER_SetCallback                      0x08003098   Section        0  ac78xx_timer.o(i.TIMER_SetCallback)
    i.UART1_IRQHandler                       0x080030b0   Section        0  ac78xx_uart.o(i.UART1_IRQHandler)
    i.UART1_IRQHandler_Callback              0x080030bc   Section        0  ac78xx_irq_cb.o(i.UART1_IRQHandler_Callback)
    i.UART2_IRQHandler                       0x08003144   Section        0  ac78xx_uart.o(i.UART2_IRQHandler)
    i.UART3_IRQHandler                       0x0800314e   Section        0  ac78xx_uart.o(i.UART3_IRQHandler)
    i.UART3_IRQHandler_Callback              0x08003158   Section        0  ac78xx_irq_cb.o(i.UART3_IRQHandler_Callback)
    i.UART4_IRQHandler                       0x0800316c   Section        0  ac78xx_uart.o(i.UART4_IRQHandler)
    i.UART5_IRQHandler                       0x08003176   Section        0  ac78xx_uart.o(i.UART5_IRQHandler)
    i.UART6_IRQHandler                       0x08003180   Section        0  ac78xx_uart.o(i.UART6_IRQHandler)
    i.UART_Command_Judge                     0x0800318c   Section        0  ac78xx_irq_cb.o(i.UART_Command_Judge)
    i.UART_Init                              0x080032b8   Section        0  ac78xx_uart.o(i.UART_Init)
    i.UART_InterruptHandler                  0x080033fc   Section        0  ac78xx_uart.o(i.UART_InterruptHandler)
    UART_InterruptHandler                    0x080033fd   Thumb Code    68  ac78xx_uart.o(i.UART_InterruptHandler)
    i.UART_SetBaudrate                       0x08003448   Section        0  ac78xx_uart.o(i.UART_SetBaudrate)
    i.UART_SetDataBits                       0x08003514   Section        0  ac78xx_uart.o(i.UART_SetDataBits)
    UART_SetDataBits                         0x08003515   Thumb Code   120  ac78xx_uart.o(i.UART_SetDataBits)
    i.UART_SetEventCallback                  0x0800358c   Section        0  ac78xx_uart.o(i.UART_SetEventCallback)
    i.UART_SetParity                         0x080035c4   Section        0  ac78xx_uart.o(i.UART_SetParity)
    UART_SetParity                           0x080035c5   Thumb Code   102  ac78xx_uart.o(i.UART_SetParity)
    i.UART_SetRxIntEn                        0x0800362a   Section        0  uart.o(i.UART_SetRxIntEn)
    UART_SetRxIntEn                          0x0800362b   Thumb Code    24  uart.o(i.UART_SetRxIntEn)
    i.WaitTransmitPrimaryDone                0x08003644   Section        0  ac78xx_can.o(i.WaitTransmitPrimaryDone)
    i.WaitTransmitSecondaryDone              0x08003684   Section        0  ac78xx_can.o(i.WaitTransmitSecondaryDone)
    i.WriteBitsValue                         0x080036c4   Section        0  system_ac78xx.o(i.WriteBitsValue)
    i.__NVIC_DisableIRQ                      0x080036e4   Section        0  ac78xx_i2c.o(i.__NVIC_DisableIRQ)
    __NVIC_DisableIRQ                        0x080036e5   Thumb Code    30  ac78xx_i2c.o(i.__NVIC_DisableIRQ)
    i.__NVIC_DisableIRQ                      0x08003708   Section        0  ac78xx_timer.o(i.__NVIC_DisableIRQ)
    __NVIC_DisableIRQ                        0x08003709   Thumb Code    30  ac78xx_timer.o(i.__NVIC_DisableIRQ)
    i.__NVIC_EnableIRQ                       0x0800372c   Section        0  can.o(i.__NVIC_EnableIRQ)
    __NVIC_EnableIRQ                         0x0800372d   Thumb Code    34  can.o(i.__NVIC_EnableIRQ)
    i.__NVIC_EnableIRQ                       0x0800374e   Section        0  timer.o(i.__NVIC_EnableIRQ)
    __NVIC_EnableIRQ                         0x0800374f   Thumb Code    34  timer.o(i.__NVIC_EnableIRQ)
    i.__NVIC_EnableIRQ                       0x08003770   Section        0  uart.o(i.__NVIC_EnableIRQ)
    __NVIC_EnableIRQ                         0x08003771   Thumb Code    34  uart.o(i.__NVIC_EnableIRQ)
    i.__NVIC_SetPriority                     0x08003794   Section        0  can.o(i.__NVIC_SetPriority)
    __NVIC_SetPriority                       0x08003795   Thumb Code    32  can.o(i.__NVIC_SetPriority)
    i.__NVIC_SetPriority                     0x080037bc   Section        0  timer.o(i.__NVIC_SetPriority)
    __NVIC_SetPriority                       0x080037bd   Thumb Code    32  timer.o(i.__NVIC_SetPriority)
    i.__NVIC_SetPriority                     0x080037e4   Section        0  uart.o(i.__NVIC_SetPriority)
    __NVIC_SetPriority                       0x080037e5   Thumb Code    32  uart.o(i.__NVIC_SetPriority)
    i.__kernel_poly                          0x0800380c   Section        0  poly.o(i.__kernel_poly)
    i.__mathlib_dbl_divzero                  0x080038b8   Section        0  dunder.o(i.__mathlib_dbl_divzero)
    i.__mathlib_dbl_infnan                   0x080038c8   Section        0  dunder.o(i.__mathlib_dbl_infnan)
    i.__mathlib_dbl_invalid                  0x080038ce   Section        0  dunder.o(i.__mathlib_dbl_invalid)
    i.__scatterload_copy                     0x080038da   Section       14  handlers.o(i.__scatterload_copy)
    i.__scatterload_null                     0x080038e8   Section        2  handlers.o(i.__scatterload_null)
    i.__scatterload_zeroinit                 0x080038ea   Section       14  handlers.o(i.__scatterload_zeroinit)
    i.__set_errno                            0x080038f8   Section        0  errno.o(i.__set_errno)
    i.log                                    0x08003904   Section        0  log.o(i.log)
    i.main                                   0x08003c60   Section        0  main.o(i.main)
    i.mdelay                                 0x08003d2c   Section        0  system_ac78xx.o(i.mdelay)
    .constdata                               0x08003d50   Section      560  ac78xx_gpio.o(.constdata)
    s_gpioPinmuxTable                        0x08003d50   Data         560  ac78xx_gpio.o(.constdata)
    .constdata                               0x08003f80   Section      232  ac78xx_can.o(.constdata)
    s_commonBaudrate                         0x08003f80   Data          40  ac78xx_can.o(.constdata)
    s_filterControl                          0x08003fa8   Data         192  ac78xx_can.o(.constdata)
    .constdata                               0x08004068   Section       40  ac78xx_i2c.o(.constdata)
    .constdata                               0x08004090   Section       40  ac78xx_timer.o(.constdata)
    s_timerCtrlMap                           0x08004090   Data          32  ac78xx_timer.o(.constdata)
    s_timerIrqnCtrlMap                       0x080040b0   Data           8  ac78xx_timer.o(.constdata)
    .constdata                               0x080040b8   Section       96  ac78xx_uart.o(.constdata)
    s_uartCtrlMap                            0x080040b8   Data          24  ac78xx_uart.o(.constdata)
    .constdata                               0x08004118   Section       56  log.o(.constdata)
    Lg2                                      0x08004118   Data          24  log.o(.constdata)
    Lg                                       0x08004130   Data          32  log.o(.constdata)
    .constdata                               0x08004150   Section        8  qnan.o(.constdata)
    .data                                    0x20000000   Section       21  main.o(.data)
    .data                                    0x20000018   Section      149  ac78xx_irq_cb.o(.data)
    .data                                    0x200000b0   Section        8  system_ac78xx.o(.data)
    s_facus                                  0x200000b0   Data           4  system_ac78xx.o(.data)
    s_facms                                  0x200000b4   Data           4  system_ac78xx.o(.data)
    .data                                    0x200000b8   Section       48  ac78xx_i2c.o(.data)
    .data                                    0x200000e8   Section        4  ac78xx_spm.o(.data)
    s_eventFunc                              0x200000e8   Data           4  ac78xx_spm.o(.data)
    .data                                    0x200000ec   Section        4  errno.o(.data)
    _errno                                   0x200000ec   Data           4  errno.o(.data)
    .bss                                     0x200000f0   Section      124  ac78xx_irq_cb.o(.bss)
    s_timerCallback                          0x200000f0   Data          32  ac78xx_irq_cb.o(.bss)
    .bss                                     0x2000016c   Section       28  ac78xx_gpio.o(.bss)
    .bss                                     0x20000188   Section       16  ac78xx_can.o(.bss)
    s_canDevice                              0x20000188   Data          16  ac78xx_can.o(.bss)
    .bss                                     0x20000198   Section       52  ac78xx_dma.o(.bss)
    .bss                                     0x200001cc   Section       32  ac78xx_timer.o(.bss)
    s_timerCallback                          0x200001cc   Data          32  ac78xx_timer.o(.bss)
    .bss                                     0x200001ec   Section       24  ac78xx_uart.o(.bss)
    s_uartCallback                           0x200001ec   Data          24  ac78xx_uart.o(.bss)
    STACK                                    0x20000208   Section     2048  startup_ac78xx.o(STACK)

    Global Symbols

    Symbol Name                              Value     Ov Type        Size  Object(Section)

    BuildAttributes$$THM_ISAv4$P$D$K$B$S$PE$A:L22UL41UL21$X:L11$S22US41US21$IEEE1$IW$USESV6$~STKCKD$USESV7$~SHL$OTIME$ROPI$IEEEX$EBA8$MICROLIB$REQ8$PRES8$EABIv2 0x00000000   Number         0  anon$$obj.o ABSOLUTE
    __ARM_use_no_argv                        0x00000000   Number         0  main.o ABSOLUTE
    __arm_fini_                               - Undefined Weak Reference
    __cpp_initialize__aeabi_                  - Undefined Weak Reference
    __cxa_finalize                            - Undefined Weak Reference
    __decompress                              - Undefined Weak Reference
    _clock_init                               - Undefined Weak Reference
    _microlib_exit                            - Undefined Weak Reference
    __Vectors_Size                           0x0000011c   Number         0  startup_ac78xx.o ABSOLUTE
    __Vectors                                0x08000000   Data           4  startup_ac78xx.o(RESET)
    __Vectors_End                            0x0800011c   Data           0  startup_ac78xx.o(RESET)
    __main                                   0x0800011d   Thumb Code     0  entry.o(.ARM.Collect$$$$00000000)
    _main_stk                                0x0800011d   Thumb Code     0  entry2.o(.ARM.Collect$$$$00000001)
    _main_scatterload                        0x08000121   Thumb Code     0  entry5.o(.ARM.Collect$$$$00000004)
    __main_after_scatterload                 0x08000125   Thumb Code     0  entry5.o(.ARM.Collect$$$$00000004)
    _main_clock                              0x08000125   Thumb Code     0  entry7b.o(.ARM.Collect$$$$00000008)
    _main_cpp_init                           0x08000125   Thumb Code     0  entry8b.o(.ARM.Collect$$$$0000000A)
    _main_init                               0x08000125   Thumb Code     0  entry9a.o(.ARM.Collect$$$$0000000B)
    __rt_lib_shutdown_fini                   0x0800012d   Thumb Code     0  entry12b.o(.ARM.Collect$$$$0000000E)
    __rt_final_cpp                           0x08000131   Thumb Code     0  entry10a.o(.ARM.Collect$$$$0000000F)
    __rt_final_exit                          0x08000131   Thumb Code     0  entry11a.o(.ARM.Collect$$$$00000011)
    Reset_Handler                            0x08000135   Thumb Code    36  startup_ac78xx.o(.text)
    NMI_Handler                              0x08000159   Thumb Code     2  startup_ac78xx.o(.text)
    HardFault_Handler                        0x0800015b   Thumb Code     2  startup_ac78xx.o(.text)
    MemManage_Handler                        0x0800015d   Thumb Code     2  startup_ac78xx.o(.text)
    BusFault_Handler                         0x0800015f   Thumb Code     2  startup_ac78xx.o(.text)
    UsageFault_Handler                       0x08000161   Thumb Code     2  startup_ac78xx.o(.text)
    SVC_Handler                              0x08000163   Thumb Code     2  startup_ac78xx.o(.text)
    DebugMon_Handler                         0x08000165   Thumb Code     2  startup_ac78xx.o(.text)
    PendSV_Handler                           0x08000167   Thumb Code     2  startup_ac78xx.o(.text)
    SysTick_Handler                          0x08000169   Thumb Code     2  startup_ac78xx.o(.text)
    ACMP0_IRQHandler                         0x0800016b   Thumb Code     0  startup_ac78xx.o(.text)
    ACMP1_IRQHandler                         0x0800016b   Thumb Code     0  startup_ac78xx.o(.text)
    ADC_IRQHandler                           0x0800016b   Thumb Code     0  startup_ac78xx.o(.text)
    BKP_IRQHandler                           0x0800016b   Thumb Code     0  startup_ac78xx.o(.text)
    EFlash_IRQHandler                        0x0800016b   Thumb Code     0  startup_ac78xx.o(.text)
    LIN0_Handler                             0x0800016b   Thumb Code     0  startup_ac78xx.o(.text)
    PVD_Handler                              0x0800016b   Thumb Code     0  startup_ac78xx.o(.text)
    PWDT_IRQHandler                          0x0800016b   Thumb Code     0  startup_ac78xx.o(.text)
    PWM0_IRQHandler                          0x0800016b   Thumb Code     0  startup_ac78xx.o(.text)
    PWM1_IRQHandler                          0x0800016b   Thumb Code     0  startup_ac78xx.o(.text)
    PWM2_IRQHandler                          0x0800016b   Thumb Code     0  startup_ac78xx.o(.text)
    PWM3_IRQHandler                          0x0800016b   Thumb Code     0  startup_ac78xx.o(.text)
    RTC_IRQHandler                           0x0800016b   Thumb Code     0  startup_ac78xx.o(.text)
    SPI1_IRQHandler                          0x0800016b   Thumb Code     0  startup_ac78xx.o(.text)
    SPI2_IRQHandler                          0x0800016b   Thumb Code     0  startup_ac78xx.o(.text)
    Watchdog_IRQHandler                      0x0800016b   Thumb Code     0  startup_ac78xx.o(.text)
    __aeabi_memset                           0x08000181   Thumb Code    14  memseta.o(.text)
    __aeabi_memset4                          0x08000181   Thumb Code     0  memseta.o(.text)
    __aeabi_memset8                          0x08000181   Thumb Code     0  memseta.o(.text)
    __aeabi_memclr                           0x0800018f   Thumb Code     4  memseta.o(.text)
    __aeabi_memclr4                          0x0800018f   Thumb Code     0  memseta.o(.text)
    __aeabi_memclr8                          0x0800018f   Thumb Code     0  memseta.o(.text)
    _memset$wrapper                          0x08000193   Thumb Code    18  memseta.o(.text)
    strcmp                                   0x080001a5   Thumb Code    28  strcmp.o(.text)
    __aeabi_fadd                             0x080001c1   Thumb Code   164  fadd.o(.text)
    __aeabi_fsub                             0x08000265   Thumb Code     6  fadd.o(.text)
    __aeabi_frsub                            0x0800026b   Thumb Code     6  fadd.o(.text)
    __aeabi_fmul                             0x08000271   Thumb Code   100  fmul.o(.text)
    __aeabi_fdiv                             0x080002d5   Thumb Code   124  fdiv.o(.text)
    __aeabi_ddiv                             0x08000351   Thumb Code   222  ddiv.o(.text)
    __aeabi_ui2f                             0x0800042f   Thumb Code    10  ffltui.o(.text)
    __aeabi_ui2d                             0x08000439   Thumb Code    26  dfltui.o(.text)
    __aeabi_f2uiz                            0x08000453   Thumb Code    40  ffixui.o(.text)
    __aeabi_f2ulz                            0x0800047b   Thumb Code    44  ffixul.o(.text)
    __aeabi_d2uiz                            0x080004a7   Thumb Code    50  dfixui.o(.text)
    __aeabi_llsl                             0x080004d9   Thumb Code    30  llshl.o(.text)
    _ll_shift_l                              0x080004d9   Thumb Code     0  llshl.o(.text)
    __aeabi_llsr                             0x080004f7   Thumb Code    32  llushr.o(.text)
    _ll_ushift_r                             0x080004f7   Thumb Code     0  llushr.o(.text)
    __I$use$fp                               0x08000517   Thumb Code     0  iusefp.o(.text)
    _float_round                             0x08000517   Thumb Code    18  fepilogue.o(.text)
    _float_epilogue                          0x08000529   Thumb Code    92  fepilogue.o(.text)
    _double_round                            0x08000585   Thumb Code    30  depilogue.o(.text)
    _double_epilogue                         0x080005a3   Thumb Code   156  depilogue.o(.text)
    __aeabi_dadd                             0x0800063f   Thumb Code   322  dadd.o(.text)
    __aeabi_dsub                             0x08000781   Thumb Code     6  dadd.o(.text)
    __aeabi_drsub                            0x08000787   Thumb Code     6  dadd.o(.text)
    __aeabi_dmul                             0x0800078d   Thumb Code   228  dmul.o(.text)
    __ARM_scalbn                             0x08000871   Thumb Code    46  dscalb.o(.text)
    scalbn                                   0x08000871   Thumb Code     0  dscalb.o(.text)
    __aeabi_i2d                              0x0800089f   Thumb Code    34  dflti.o(.text)
    __aeabi_cdcmpeq                          0x080008c1   Thumb Code     0  cdcmple.o(.text)
    __aeabi_cdcmple                          0x080008c1   Thumb Code    48  cdcmple.o(.text)
    __scatterload                            0x080008f1   Thumb Code    28  init.o(.text)
    __scatterload_rt2                        0x080008f1   Thumb Code     0  init.o(.text)
    __aeabi_lasr                             0x08000915   Thumb Code    36  llsshr.o(.text)
    _ll_sshift_r                             0x08000915   Thumb Code     0  llsshr.o(.text)
    ATC_CAN1_Init                            0x08000939   Thumb Code   138  can.o(i.ATC_CAN1_Init)
    ATC_CAN2_Init                            0x080009cd   Thumb Code   138  can.o(i.ATC_CAN2_Init)
    ATC_GPIO_Init                            0x08000a61   Thumb Code    68  gpio.o(i.ATC_GPIO_Init)
    ATC_I2C2_Init                            0x08000aa5   Thumb Code   194  i2c.o(i.ATC_I2C2_Init)
    ATC_TIMER0_Init                          0x08000b6d   Thumb Code    52  timer.o(i.ATC_TIMER0_Init)
    ATC_TIMER1_Init                          0x08000bad   Thumb Code    52  timer.o(i.ATC_TIMER1_Init)
    ATC_UART1_Init                           0x08000bed   Thumb Code    82  uart.o(i.ATC_UART1_Init)
    ATC_UART3_Init                           0x08000c49   Thumb Code    82  uart.o(i.ATC_UART3_Init)
    CAN1_Handler                             0x08000ca5   Thumb Code    10  ac78xx_can.o(i.CAN1_Handler)
    CAN1_IRQHandler_Callback                 0x08000cb5   Thumb Code   530  ac78xx_irq_cb.o(i.CAN1_IRQHandler_Callback)
    CAN2_Handler                             0x08000eed   Thumb Code    10  ac78xx_can.o(i.CAN2_Handler)
    CAN2_IRQHandler_Callback                 0x08000efd   Thumb Code   530  ac78xx_irq_cb.o(i.CAN2_IRQHandler_Callback)
    CAN_HandleEvent                          0x08001135   Thumb Code   208  ac78xx_can.o(i.CAN_HandleEvent)
    CAN_Initialize                           0x08001209   Thumb Code   520  ac78xx_can.o(i.CAN_Initialize)
    CAN_MessageRead                          0x08001425   Thumb Code   112  ac78xx_can.o(i.CAN_MessageRead)
    CAN_MessageSend                          0x08001495   Thumb Code   144  ac78xx_can.o(i.CAN_MessageSend)
    CAN_SetEventCallBack                     0x0800156d   Thumb Code    38  ac78xx_can.o(i.CAN_SetEventCallBack)
    CAN_SetFilter                            0x08001599   Thumb Code   132  ac78xx_can.o(i.CAN_SetFilter)
    CAN_SetMsgInfo                           0x0800161d   Thumb Code   128  ac78xx_can.o(i.CAN_SetMsgInfo)
    CAN_WaitTransmissionDone                 0x080016e5   Thumb Code    48  ac78xx_can.o(i.CAN_WaitTransmissionDone)
    CAN_WaitTransmissionIdle                 0x08001719   Thumb Code    76  ac78xx_can.o(i.CAN_WaitTransmissionIdle)
    CKGEN_Enable                             0x08001769   Thumb Code    64  ac78xx_ckgen.o(i.CKGEN_Enable)
    CKGEN_SetAPBClockDivider                 0x080017ad   Thumb Code    18  ac78xx_ckgen.o(i.CKGEN_SetAPBClockDivider)
    CKGEN_SetCANClock                        0x080017bf   Thumb Code    62  ac78xx_ckgen.o(i.CKGEN_SetCANClock)
    CKGEN_SetPLLReference                    0x080017fd   Thumb Code    18  ac78xx_ckgen.o(i.CKGEN_SetPLLReference)
    CKGEN_SetPllFeedbackDiv                  0x08001811   Thumb Code    18  ac78xx_ckgen.o(i.CKGEN_SetPllFeedbackDiv)
    CKGEN_SetPllPostDiv                      0x08001829   Thumb Code    18  ac78xx_ckgen.o(i.CKGEN_SetPllPostDiv)
    CKGEN_SetPllPrevDiv                      0x08001841   Thumb Code    18  ac78xx_ckgen.o(i.CKGEN_SetPllPrevDiv)
    CKGEN_SetSFlashClock                     0x08001859   Thumb Code    32  ac78xx_ckgen.o(i.CKGEN_SetSFlashClock)
    CKGEN_SetSysclkDiv                       0x08001879   Thumb Code    18  ac78xx_ckgen.o(i.CKGEN_SetSysclkDiv)
    CKGEN_SetSysclkSrc                       0x0800188b   Thumb Code    18  ac78xx_ckgen.o(i.CKGEN_SetSysclkSrc)
    CKGEN_SoftReset                          0x0800189d   Thumb Code    64  ac78xx_ckgen.o(i.CKGEN_SoftReset)
    DMA10_IRQHandler                         0x080018e1   Thumb Code    30  ac78xx_dma.o(i.DMA10_IRQHandler)
    DMA11_IRQHandler                         0x08001909   Thumb Code    30  ac78xx_dma.o(i.DMA11_IRQHandler)
    DMA12_IRQHandler                         0x08001931   Thumb Code    30  ac78xx_dma.o(i.DMA12_IRQHandler)
    DMA1_IRQHandler                          0x08001959   Thumb Code    30  ac78xx_dma.o(i.DMA1_IRQHandler)
    DMA2_IRQHandler                          0x08001981   Thumb Code    30  ac78xx_dma.o(i.DMA2_IRQHandler)
    DMA3_IRQHandler                          0x080019a9   Thumb Code    30  ac78xx_dma.o(i.DMA3_IRQHandler)
    DMA4_IRQHandler                          0x080019d1   Thumb Code    30  ac78xx_dma.o(i.DMA4_IRQHandler)
    DMA5_IRQHandler                          0x080019f9   Thumb Code    30  ac78xx_dma.o(i.DMA5_IRQHandler)
    DMA6_IRQHandler                          0x08001a21   Thumb Code    30  ac78xx_dma.o(i.DMA6_IRQHandler)
    DMA7_IRQHandler                          0x08001a49   Thumb Code    30  ac78xx_dma.o(i.DMA7_IRQHandler)
    DMA8_IRQHandler                          0x08001a71   Thumb Code    30  ac78xx_dma.o(i.DMA8_IRQHandler)
    DMA9_IRQHandler                          0x08001a99   Thumb Code    30  ac78xx_dma.o(i.DMA9_IRQHandler)
    DMA_ClearFlag                            0x08001ad5   Thumb Code    28  ac78xx_dma.o(i.DMA_ClearFlag)
    EXTI0_IRQHandler                         0x08001af1   Thumb Code    32  ac78xx_gpio.o(i.EXTI0_IRQHandler)
    EXTI10_15_IRQHandler                     0x08001b15   Thumb Code   116  ac78xx_gpio.o(i.EXTI10_15_IRQHandler)
    EXTI1_IRQHandler                         0x08001b8d   Thumb Code    32  ac78xx_gpio.o(i.EXTI1_IRQHandler)
    EXTI2_IRQHandler                         0x08001bb1   Thumb Code    32  ac78xx_gpio.o(i.EXTI2_IRQHandler)
    EXTI3_IRQHandler                         0x08001bd5   Thumb Code    32  ac78xx_gpio.o(i.EXTI3_IRQHandler)
    EXTI4_IRQHandler                         0x08001bf9   Thumb Code    32  ac78xx_gpio.o(i.EXTI4_IRQHandler)
    EXTI5_9_IRQHandler                       0x08001c1d   Thumb Code   116  ac78xx_gpio.o(i.EXTI5_9_IRQHandler)
    GPIO_ClearPendingExtInt                  0x08001c95   Thumb Code    20  ac78xx_gpio.o(i.GPIO_ClearPendingExtInt)
    GPIO_GetPMUXConfig                       0x08001cb5   Thumb Code    14  ac78xx_gpio.o(i.GPIO_GetPMUXConfig)
    GPIO_GetPendingExtIntGPIONum             0x08001cc9   Thumb Code   234  ac78xx_gpio.o(i.GPIO_GetPendingExtIntGPIONum)
    GPIO_GetPendingIRQMask                   0x08001db9   Thumb Code     6  ac78xx_gpio.o(i.GPIO_GetPendingIRQMask)
    GPIO_GetPinValue                         0x08001dc5   Thumb Code   110  ac78xx_gpio.o(i.GPIO_GetPinValue)
    GPIO_ResetPinBits                        0x08001e39   Thumb Code    98  ac78xx_gpio.o(i.GPIO_ResetPinBits)
    GPIO_SetDir                              0x08001ea1   Thumb Code   114  ac78xx_gpio.o(i.GPIO_SetDir)
    GPIO_SetE4E2                             0x08001f19   Thumb Code   122  ac78xx_gpio.o(i.GPIO_SetE4E2)
    GPIO_SetFunc                             0x08001f99   Thumb Code    44  ac78xx_gpio.o(i.GPIO_SetFunc)
    GPIO_SetPinBits                          0x080023e9   Thumb Code    98  ac78xx_gpio.o(i.GPIO_SetPinBits)
    GPIO_SetPinValue                         0x08002451   Thumb Code   114  ac78xx_gpio.o(i.GPIO_SetPinValue)
    I2C1_IRQHandler                          0x080024dd   Thumb Code    30  ac78xx_i2c.o(i.I2C1_IRQHandler)
    I2C2_IRQHandler                          0x08002505   Thumb Code    30  ac78xx_i2c.o(i.I2C2_IRQHandler)
    I2C_Initialize                           0x08002579   Thumb Code   544  ac78xx_i2c.o(i.I2C_Initialize)
    I2C_PageRead                             0x080027b1   Thumb Code   238  i2c.o(i.I2C_PageRead)
    I2C_PageWrite                            0x080028a9   Thumb Code   132  i2c.o(i.I2C_PageWrite)
    I2C_ReadLastOneByte                      0x0800293d   Thumb Code    56  ac78xx_i2c.o(i.I2C_ReadLastOneByte)
    I2C_ReadOneByte                          0x08002975   Thumb Code    90  ac78xx_i2c.o(i.I2C_ReadOneByte)
    I2C_Restart                              0x080029d5   Thumb Code    54  ac78xx_i2c.o(i.I2C_Restart)
    I2C_Start                                0x08002a35   Thumb Code    60  ac78xx_i2c.o(i.I2C_Start)
    I2C_Stop                                 0x08002a75   Thumb Code    68  ac78xx_i2c.o(i.I2C_Stop)
    I2C_WriteOneByte                         0x08002acd   Thumb Code    92  ac78xx_i2c.o(i.I2C_WriteOneByte)
    InitDelay                                0x08002b2d   Thumb Code    22  system_ac78xx.o(i.InitDelay)
    MSP_CAN_Init                             0x08002b4d   Thumb Code    80  can.o(i.MSP_CAN_Init)
    MSP_I2C_Init                             0x08002ba5   Thumb Code    28  i2c.o(i.MSP_I2C_Init)
    MSP_TIMER_Init                           0x08002bc5   Thumb Code    50  timer.o(i.MSP_TIMER_Init)
    MSP_UART_Init                            0x08002bfd   Thumb Code    80  uart.o(i.MSP_UART_Init)
    SPM_EnablePLL                            0x08002cd5   Thumb Code    62  ac78xx_spm.o(i.SPM_EnablePLL)
    SPM_EnableXOSC                           0x08002d19   Thumb Code    62  ac78xx_spm.o(i.SPM_EnableXOSC)
    SPM_GetModuleWakeupSourceFlag            0x08002d5d   Thumb Code     6  ac78xx_spm.o(i.SPM_GetModuleWakeupSourceFlag)
    SPM_IRQHandler                           0x08002d69   Thumb Code    56  ac78xx_spm.o(i.SPM_IRQHandler)
    SetEflashClock                           0x08002dad   Thumb Code   100  system_ac78xx.o(i.SetEflashClock)
    SystemClock_Config                       0x08002e77   Thumb Code    66  main.o(i.SystemClock_Config)
    SystemInit                               0x08002eb9   Thumb Code     8  system_ac78xx.o(i.SystemInit)
    TIMER0_IRQHandler                        0x08002ec1   Thumb Code    18  ac78xx_timer.o(i.TIMER0_IRQHandler)
    TIMER0_IRQHandler_Callback               0x08002ed9   Thumb Code    18  ac78xx_irq_cb.o(i.TIMER0_IRQHandler_Callback)
    TIMER1_IRQHandler                        0x08002eed   Thumb Code    18  ac78xx_timer.o(i.TIMER1_IRQHandler)
    TIMER1_IRQHandler_Callback               0x08002f05   Thumb Code    36  ac78xx_irq_cb.o(i.TIMER1_IRQHandler_Callback)
    TIMER2_IRQHandler                        0x08002f2d   Thumb Code    18  ac78xx_timer.o(i.TIMER2_IRQHandler)
    TIMER3_IRQHandler                        0x08002f45   Thumb Code    18  ac78xx_timer.o(i.TIMER3_IRQHandler)
    TIMER4_IRQHandler                        0x08002f5d   Thumb Code    18  ac78xx_timer.o(i.TIMER4_IRQHandler)
    TIMER5_IRQHandler                        0x08002f75   Thumb Code    18  ac78xx_timer.o(i.TIMER5_IRQHandler)
    TIMER6_IRQHandler                        0x08002f8d   Thumb Code    18  ac78xx_timer.o(i.TIMER6_IRQHandler)
    TIMER7_IRQHandler                        0x08002fa5   Thumb Code    18  ac78xx_timer.o(i.TIMER7_IRQHandler)
    TIMER_ClrIntFlag                         0x08002fbd   Thumb Code    10  ac78xx_timer.o(i.TIMER_ClrIntFlag)
    TIMER_GetTimerCtrl                       0x08002fc9   Thumb Code    16  ac78xx_timer.o(i.TIMER_GetTimerCtrl)
    TIMER_Init                               0x08002fdd   Thumb Code   144  ac78xx_timer.o(i.TIMER_Init)
    TIMER_ModuleEnable                       0x08003079   Thumb Code    26  ac78xx_timer.o(i.TIMER_ModuleEnable)
    TIMER_SetCallback                        0x08003099   Thumb Code    14  ac78xx_timer.o(i.TIMER_SetCallback)
    UART1_IRQHandler                         0x080030b1   Thumb Code    10  ac78xx_uart.o(i.UART1_IRQHandler)
    UART1_IRQHandler_Callback                0x080030bd   Thumb Code   118  ac78xx_irq_cb.o(i.UART1_IRQHandler_Callback)
    UART2_IRQHandler                         0x08003145   Thumb Code    10  ac78xx_uart.o(i.UART2_IRQHandler)
    UART3_IRQHandler                         0x0800314f   Thumb Code    10  ac78xx_uart.o(i.UART3_IRQHandler)
    UART3_IRQHandler_Callback                0x08003159   Thumb Code    14  ac78xx_irq_cb.o(i.UART3_IRQHandler_Callback)
    UART4_IRQHandler                         0x0800316d   Thumb Code    10  ac78xx_uart.o(i.UART4_IRQHandler)
    UART5_IRQHandler                         0x08003177   Thumb Code    10  ac78xx_uart.o(i.UART5_IRQHandler)
    UART6_IRQHandler                         0x08003181   Thumb Code    10  ac78xx_uart.o(i.UART6_IRQHandler)
    UART_Command_Judge                       0x0800318d   Thumb Code   258  ac78xx_irq_cb.o(i.UART_Command_Judge)
    UART_Init                                0x080032b9   Thumb Code   314  ac78xx_uart.o(i.UART_Init)
    UART_SetBaudrate                         0x08003449   Thumb Code   200  ac78xx_uart.o(i.UART_SetBaudrate)
    UART_SetEventCallback                    0x0800358d   Thumb Code    46  ac78xx_uart.o(i.UART_SetEventCallback)
    WaitTransmitPrimaryDone                  0x08003645   Thumb Code    60  ac78xx_can.o(i.WaitTransmitPrimaryDone)
    WaitTransmitSecondaryDone                0x08003685   Thumb Code    60  ac78xx_can.o(i.WaitTransmitSecondaryDone)
    WriteBitsValue                           0x080036c5   Thumb Code    30  system_ac78xx.o(i.WriteBitsValue)
    __kernel_poly                            0x0800380d   Thumb Code   170  poly.o(i.__kernel_poly)
    __mathlib_dbl_divzero                    0x080038b9   Thumb Code    12  dunder.o(i.__mathlib_dbl_divzero)
    __mathlib_dbl_infnan                     0x080038c9   Thumb Code     6  dunder.o(i.__mathlib_dbl_infnan)
    __mathlib_dbl_invalid                    0x080038cf   Thumb Code    12  dunder.o(i.__mathlib_dbl_invalid)
    __scatterload_copy                       0x080038db   Thumb Code    14  handlers.o(i.__scatterload_copy)
    __scatterload_null                       0x080038e9   Thumb Code     2  handlers.o(i.__scatterload_null)
    __scatterload_zeroinit                   0x080038eb   Thumb Code    14  handlers.o(i.__scatterload_zeroinit)
    __set_errno                              0x080038f9   Thumb Code     6  errno.o(i.__set_errno)
    log                                      0x08003905   Thumb Code   808  log.o(i.log)
    main                                     0x08003c61   Thumb Code   190  main.o(i.main)
    mdelay                                   0x08003d2d   Thumb Code    32  system_ac78xx.o(i.mdelay)
    g_i2cInfoPool                            0x08004068   Data          16  ac78xx_i2c.o(.constdata)
    g_i2cDMAChannel                          0x08004078   Data          24  ac78xx_i2c.o(.constdata)
    g_uartDMAChannel                         0x080040d0   Data          72  ac78xx_uart.o(.constdata)
    __mathlib_zero                           0x08004150   Data           8  qnan.o(.constdata)
    Region$$Table$$Base                      0x08004158   Number         0  anon$$obj.o(Region$$Table)
    Region$$Table$$Limit                     0x08004178   Number         0  anon$$obj.o(Region$$Table)
    sum_1                                    0x20000000   Data           4  main.o(.data)
    sum_2                                    0x20000004   Data           4  main.o(.data)
    sum_3                                    0x20000008   Data           4  main.o(.data)
    I2c_Buf_Write                            0x2000000c   Data           4  main.o(.data)
    I2c_Buf_Read                             0x20000010   Data           4  main.o(.data)
    at24c02_ADD                              0x20000014   Data           1  main.o(.data)
    i                                        0x20000018   Data           1  ac78xx_irq_cb.o(.data)
    j                                        0x20000019   Data           1  ac78xx_irq_cb.o(.data)
    RxLine                                   0x2000001c   Data           4  ac78xx_irq_cb.o(.data)
    Rx_flag                                  0x20000020   Data           1  ac78xx_irq_cb.o(.data)
    Time_Plus_1                              0x20000021   Data          28  ac78xx_irq_cb.o(.data)
    Time_reduce_1                            0x2000003d   Data          28  ac78xx_irq_cb.o(.data)
    Time_Plus_10                             0x20000059   Data          28  ac78xx_irq_cb.o(.data)
    Time_reduce_10                           0x20000075   Data          28  ac78xx_irq_cb.o(.data)
    Time_Clear                               0x20000091   Data          28  ac78xx_irq_cb.o(.data)
    g_i2cCallbackArray                       0x200000b8   Data           8  ac78xx_i2c.o(.data)
    g_i2cStatus                              0x200000c0   Data           8  ac78xx_i2c.o(.data)
    g_i2cMasterSendBufferLength              0x200000c8   Data           8  ac78xx_i2c.o(.data)
    g_i2cMasterReceiveBufferLength           0x200000d0   Data           8  ac78xx_i2c.o(.data)
    g_i2cSlaveSendBufferLength               0x200000d8   Data           8  ac78xx_i2c.o(.data)
    g_i2cSlaveReceiveBufferLength            0x200000e0   Data           8  ac78xx_i2c.o(.data)
    CAN1_TecvCANMsg                          0x20000110   Data          16  ac78xx_irq_cb.o(.bss)
    CAN1_RecvCANMsg                          0x20000120   Data          16  ac78xx_irq_cb.o(.bss)
    CAN2_TecvCANMsg                          0x20000130   Data          16  ac78xx_irq_cb.o(.bss)
    CAN2_RecvCANMsg                          0x20000140   Data          16  ac78xx_irq_cb.o(.bss)
    DataBuff                                 0x20000150   Data          28  ac78xx_irq_cb.o(.bss)
    g_gpioCallbackArray                      0x2000016c   Data          28  ac78xx_gpio.o(.bss)
    g_dmaCallbackArray                       0x20000198   Data          52  ac78xx_dma.o(.bss)
    __initial_sp                             0x20000a08   Data           0  startup_ac78xx.o(STACK)



==============================================================================

Memory Map of the image

  Image Entry point : 0x0800011d

  Load Region LR_IROM1 (Base: 0x08000000, Size: 0x00004268, Max: 0x00010000, ABSOLUTE)

    Execution Region ER_IROM1 (Exec base: 0x08000000, Load base: 0x08000000, Size: 0x00004178, Max: 0x00010000, ABSOLUTE)

    Exec Addr    Load Addr    Size         Type   Attr      Idx    E Section Name        Object

    0x08000000   0x08000000   0x0000011c   Data   RO            3    RESET               startup_ac78xx.o
    0x0800011c   0x0800011c   0x00000000   Code   RO         2090  * .ARM.Collect$$$$00000000  mc_w.l(entry.o)
    0x0800011c   0x0800011c   0x00000004   Code   RO         2136    .ARM.Collect$$$$00000001  mc_w.l(entry2.o)
    0x08000120   0x08000120   0x00000004   Code   RO         2139    .ARM.Collect$$$$00000004  mc_w.l(entry5.o)
    0x08000124   0x08000124   0x00000000   Code   RO         2141    .ARM.Collect$$$$00000008  mc_w.l(entry7b.o)
    0x08000124   0x08000124   0x00000000   Code   RO         2143    .ARM.Collect$$$$0000000A  mc_w.l(entry8b.o)
    0x08000124   0x08000124   0x00000008   Code   RO         2144    .ARM.Collect$$$$0000000B  mc_w.l(entry9a.o)
    0x0800012c   0x0800012c   0x00000004   Code   RO         2151    .ARM.Collect$$$$0000000E  mc_w.l(entry12b.o)
    0x08000130   0x08000130   0x00000000   Code   RO         2146    .ARM.Collect$$$$0000000F  mc_w.l(entry10a.o)
    0x08000130   0x08000130   0x00000000   Code   RO         2148    .ARM.Collect$$$$00000011  mc_w.l(entry11a.o)
    0x08000130   0x08000130   0x00000004   Code   RO         2137    .ARM.Collect$$$$00002712  mc_w.l(entry2.o)
    0x08000134   0x08000134   0x0000004c   Code   RO            4    .text               startup_ac78xx.o
    0x08000180   0x08000180   0x00000024   Code   RO         2095    .text               mc_w.l(memseta.o)
    0x080001a4   0x080001a4   0x0000001c   Code   RO         2097    .text               mc_w.l(strcmp.o)
    0x080001c0   0x080001c0   0x000000b0   Code   RO         2101    .text               mf_w.l(fadd.o)
    0x08000270   0x08000270   0x00000064   Code   RO         2103    .text               mf_w.l(fmul.o)
    0x080002d4   0x080002d4   0x0000007c   Code   RO         2105    .text               mf_w.l(fdiv.o)
    0x08000350   0x08000350   0x000000de   Code   RO         2107    .text               mf_w.l(ddiv.o)
    0x0800042e   0x0800042e   0x0000000a   Code   RO         2109    .text               mf_w.l(ffltui.o)
    0x08000438   0x08000438   0x0000001a   Code   RO         2111    .text               mf_w.l(dfltui.o)
    0x08000452   0x08000452   0x00000028   Code   RO         2113    .text               mf_w.l(ffixui.o)
    0x0800047a   0x0800047a   0x0000002c   Code   RO         2115    .text               mf_w.l(ffixul.o)
    0x080004a6   0x080004a6   0x00000032   Code   RO         2117    .text               mf_w.l(dfixui.o)
    0x080004d8   0x080004d8   0x0000001e   Code   RO         2152    .text               mc_w.l(llshl.o)
    0x080004f6   0x080004f6   0x00000020   Code   RO         2154    .text               mc_w.l(llushr.o)
    0x08000516   0x08000516   0x00000000   Code   RO         2163    .text               mc_w.l(iusefp.o)
    0x08000516   0x08000516   0x0000006e   Code   RO         2164    .text               mf_w.l(fepilogue.o)
    0x08000584   0x08000584   0x000000ba   Code   RO         2166    .text               mf_w.l(depilogue.o)
    0x0800063e   0x0800063e   0x0000014e   Code   RO         2168    .text               mf_w.l(dadd.o)
    0x0800078c   0x0800078c   0x000000e4   Code   RO         2170    .text               mf_w.l(dmul.o)
    0x08000870   0x08000870   0x0000002e   Code   RO         2172    .text               mf_w.l(dscalb.o)
    0x0800089e   0x0800089e   0x00000022   Code   RO         2174    .text               mf_w.l(dflti.o)
    0x080008c0   0x080008c0   0x00000030   Code   RO         2176    .text               mf_w.l(cdcmple.o)
    0x080008f0   0x080008f0   0x00000024   Code   RO         2178    .text               mc_w.l(init.o)
    0x08000914   0x08000914   0x00000024   Code   RO         2180    .text               mc_w.l(llsshr.o)
    0x08000938   0x08000938   0x00000094   Code   RO          149    i.ATC_CAN1_Init     can.o
    0x080009cc   0x080009cc   0x00000094   Code   RO          150    i.ATC_CAN2_Init     can.o
    0x08000a60   0x08000a60   0x00000044   Code   RO          122    i.ATC_GPIO_Init     gpio.o
    0x08000aa4   0x08000aa4   0x000000c8   Code   RO          210    i.ATC_I2C2_Init     i2c.o
    0x08000b6c   0x08000b6c   0x00000040   Code   RO          277    i.ATC_TIMER0_Init   timer.o
    0x08000bac   0x08000bac   0x00000040   Code   RO          278    i.ATC_TIMER1_Init   timer.o
    0x08000bec   0x08000bec   0x0000005c   Code   RO          332    i.ATC_UART1_Init    uart.o
    0x08000c48   0x08000c48   0x0000005c   Code   RO          333    i.ATC_UART3_Init    uart.o
    0x08000ca4   0x08000ca4   0x00000010   Code   RO          932    i.CAN1_Handler      ac78xx_can.o
    0x08000cb4   0x08000cb4   0x00000238   Code   RO          389    i.CAN1_IRQHandler_Callback  ac78xx_irq_cb.o
    0x08000eec   0x08000eec   0x00000010   Code   RO          933    i.CAN2_Handler      ac78xx_can.o
    0x08000efc   0x08000efc   0x00000238   Code   RO          390    i.CAN2_IRQHandler_Callback  ac78xx_irq_cb.o
    0x08001134   0x08001134   0x000000d4   Code   RO          935    i.CAN_HandleEvent   ac78xx_can.o
    0x08001208   0x08001208   0x00000210   Code   RO          936    i.CAN_Initialize    ac78xx_can.o
    0x08001418   0x08001418   0x0000000c   Code   RO          391    i.CAN_IsMsgInReceiveBuf  ac78xx_irq_cb.o
    0x08001424   0x08001424   0x00000070   Code   RO          937    i.CAN_MessageRead   ac78xx_can.o
    0x08001494   0x08001494   0x00000090   Code   RO          938    i.CAN_MessageSend   ac78xx_can.o
    0x08001524   0x08001524   0x00000048   Code   RO          939    i.CAN_SetBitrate    ac78xx_can.o
    0x0800156c   0x0800156c   0x0000002c   Code   RO          940    i.CAN_SetEventCallBack  ac78xx_can.o
    0x08001598   0x08001598   0x00000084   Code   RO          941    i.CAN_SetFilter     ac78xx_can.o
    0x0800161c   0x0800161c   0x00000080   Code   RO          942    i.CAN_SetMsgInfo    ac78xx_can.o
    0x0800169c   0x0800169c   0x00000048   Code   RO          151    i.CAN_Standby       can.o
    0x080016e4   0x080016e4   0x00000034   Code   RO          944    i.CAN_WaitTransmissionDone  ac78xx_can.o
    0x08001718   0x08001718   0x00000050   Code   RO          945    i.CAN_WaitTransmissionIdle  ac78xx_can.o
    0x08001768   0x08001768   0x00000044   Code   RO         1855    i.CKGEN_Enable      ac78xx_ckgen.o
    0x080017ac   0x080017ac   0x00000012   Code   RO         1856    i.CKGEN_SetAPBClockDivider  ac78xx_ckgen.o
    0x080017be   0x080017be   0x0000003e   Code   RO         1857    i.CKGEN_SetCANClock  ac78xx_ckgen.o
    0x080017fc   0x080017fc   0x00000012   Code   RO         1858    i.CKGEN_SetPLLReference  ac78xx_ckgen.o
    0x0800180e   0x0800180e   0x00000002   PAD
    0x08001810   0x08001810   0x00000018   Code   RO         1860    i.CKGEN_SetPllFeedbackDiv  ac78xx_ckgen.o
    0x08001828   0x08001828   0x00000018   Code   RO         1861    i.CKGEN_SetPllPostDiv  ac78xx_ckgen.o
    0x08001840   0x08001840   0x00000018   Code   RO         1862    i.CKGEN_SetPllPrevDiv  ac78xx_ckgen.o
    0x08001858   0x08001858   0x00000020   Code   RO         1863    i.CKGEN_SetSFlashClock  ac78xx_ckgen.o
    0x08001878   0x08001878   0x00000012   Code   RO         1864    i.CKGEN_SetSysclkDiv  ac78xx_ckgen.o
    0x0800188a   0x0800188a   0x00000012   Code   RO         1865    i.CKGEN_SetSysclkSrc  ac78xx_ckgen.o
    0x0800189c   0x0800189c   0x00000044   Code   RO         1866    i.CKGEN_SoftReset   ac78xx_ckgen.o
    0x080018e0   0x080018e0   0x00000028   Code   RO         1391    i.DMA10_IRQHandler  ac78xx_dma.o
    0x08001908   0x08001908   0x00000028   Code   RO         1392    i.DMA11_IRQHandler  ac78xx_dma.o
    0x08001930   0x08001930   0x00000028   Code   RO         1393    i.DMA12_IRQHandler  ac78xx_dma.o
    0x08001958   0x08001958   0x00000028   Code   RO         1394    i.DMA1_IRQHandler   ac78xx_dma.o
    0x08001980   0x08001980   0x00000028   Code   RO         1395    i.DMA2_IRQHandler   ac78xx_dma.o
    0x080019a8   0x080019a8   0x00000028   Code   RO         1396    i.DMA3_IRQHandler   ac78xx_dma.o
    0x080019d0   0x080019d0   0x00000028   Code   RO         1397    i.DMA4_IRQHandler   ac78xx_dma.o
    0x080019f8   0x080019f8   0x00000028   Code   RO         1398    i.DMA5_IRQHandler   ac78xx_dma.o
    0x08001a20   0x08001a20   0x00000028   Code   RO         1399    i.DMA6_IRQHandler   ac78xx_dma.o
    0x08001a48   0x08001a48   0x00000028   Code   RO         1400    i.DMA7_IRQHandler   ac78xx_dma.o
    0x08001a70   0x08001a70   0x00000028   Code   RO         1401    i.DMA8_IRQHandler   ac78xx_dma.o
    0x08001a98   0x08001a98   0x00000028   Code   RO         1402    i.DMA9_IRQHandler   ac78xx_dma.o
    0x08001ac0   0x08001ac0   0x00000014   Code   RO         1404    i.DMA_ChannelHardRst  ac78xx_dma.o
    0x08001ad4   0x08001ad4   0x0000001c   Code   RO         1405    i.DMA_ClearFlag     ac78xx_dma.o
    0x08001af0   0x08001af0   0x00000024   Code   RO          664    i.EXTI0_IRQHandler  ac78xx_gpio.o
    0x08001b14   0x08001b14   0x00000078   Code   RO          665    i.EXTI10_15_IRQHandler  ac78xx_gpio.o
    0x08001b8c   0x08001b8c   0x00000024   Code   RO          666    i.EXTI1_IRQHandler  ac78xx_gpio.o
    0x08001bb0   0x08001bb0   0x00000024   Code   RO          667    i.EXTI2_IRQHandler  ac78xx_gpio.o
    0x08001bd4   0x08001bd4   0x00000024   Code   RO          668    i.EXTI3_IRQHandler  ac78xx_gpio.o
    0x08001bf8   0x08001bf8   0x00000024   Code   RO          669    i.EXTI4_IRQHandler  ac78xx_gpio.o
    0x08001c1c   0x08001c1c   0x00000078   Code   RO          670    i.EXTI5_9_IRQHandler  ac78xx_gpio.o
    0x08001c94   0x08001c94   0x00000018   Code   RO          671    i.GPIO_ClearPendingExtInt  ac78xx_gpio.o
    0x08001cac   0x08001cac   0x00000006   Code   RO          674    i.GPIO_GetGPIOxIDR  ac78xx_gpio.o
    0x08001cb2   0x08001cb2   0x00000002   PAD
    0x08001cb4   0x08001cb4   0x00000014   Code   RO          675    i.GPIO_GetPMUXConfig  ac78xx_gpio.o
    0x08001cc8   0x08001cc8   0x000000f0   Code   RO          676    i.GPIO_GetPendingExtIntGPIONum  ac78xx_gpio.o
    0x08001db8   0x08001db8   0x0000000c   Code   RO          677    i.GPIO_GetPendingIRQMask  ac78xx_gpio.o
    0x08001dc4   0x08001dc4   0x00000074   Code   RO          681    i.GPIO_GetPinValue  ac78xx_gpio.o
    0x08001e38   0x08001e38   0x00000068   Code   RO          682    i.GPIO_ResetPinBits  ac78xx_gpio.o
    0x08001ea0   0x08001ea0   0x00000078   Code   RO          683    i.GPIO_SetDir       ac78xx_gpio.o
    0x08001f18   0x08001f18   0x00000080   Code   RO          685    i.GPIO_SetE4E2      ac78xx_gpio.o
    0x08001f98   0x08001f98   0x0000002c   Code   RO          687    i.GPIO_SetFunc      ac78xx_gpio.o
    0x08001fc4   0x08001fc4   0x000000f2   Code   RO          689    i.GPIO_SetGPIOxBRRx  ac78xx_gpio.o
    0x080020b6   0x080020b6   0x000000f2   Code   RO          690    i.GPIO_SetGPIOxBSRRx  ac78xx_gpio.o
    0x080021a8   0x080021a8   0x000000c0   Code   RO          691    i.GPIO_SetGPIOxE4E2x  ac78xx_gpio.o
    0x08002268   0x08002268   0x000000c0   Code   RO          692    i.GPIO_SetGPIOxMODE  ac78xx_gpio.o
    0x08002328   0x08002328   0x000000c0   Code   RO          693    i.GPIO_SetGPIOxODRx  ac78xx_gpio.o
    0x080023e8   0x080023e8   0x00000068   Code   RO          694    i.GPIO_SetPinBits   ac78xx_gpio.o
    0x08002450   0x08002450   0x00000078   Code   RO          699    i.GPIO_SetPinValue  ac78xx_gpio.o
    0x080024c8   0x080024c8   0x00000014   Code   RO          946    i.GetCanIndex       ac78xx_can.o
    0x080024dc   0x080024dc   0x00000028   Code   RO         1066    i.I2C1_IRQHandler   ac78xx_i2c.o
    0x08002504   0x08002504   0x00000028   Code   RO         1067    i.I2C2_IRQHandler   ac78xx_i2c.o
    0x0800252c   0x0800252c   0x00000004   Code   RO         1069    i.I2C_ClrStatus1    ac78xx_i2c.o
    0x08002530   0x08002530   0x0000000a   Code   RO         1072    i.I2C_DisableDMARx  ac78xx_i2c.o
    0x0800253a   0x0800253a   0x0000000a   Code   RO         1073    i.I2C_DisableDMATx  ac78xx_i2c.o
    0x08002544   0x08002544   0x0000000a   Code   RO         1074    i.I2C_DisableInt    ac78xx_i2c.o
    0x0800254e   0x0800254e   0x0000000c   Code   RO         1075    i.I2C_EnableDMARx   ac78xx_i2c.o
    0x0800255a   0x0800255a   0x0000000c   Code   RO         1076    i.I2C_EnableDMATx   ac78xx_i2c.o
    0x08002566   0x08002566   0x0000000c   Code   RO         1077    i.I2C_EnableInt     ac78xx_i2c.o
    0x08002572   0x08002572   0x00000006   Code   RO         1078    i.I2C_GetStatus1    ac78xx_i2c.o
    0x08002578   0x08002578   0x00000224   Code   RO         1082    i.I2C_Initialize    ac78xx_i2c.o
    0x0800279c   0x0800279c   0x0000000a   Code   RO         1083    i.I2C_IsBusy        ac78xx_i2c.o
    0x080027a6   0x080027a6   0x0000000a   Code   RO         1085    i.I2C_IsReady       ac78xx_i2c.o
    0x080027b0   0x080027b0   0x000000f8   Code   RO          211    i.I2C_PageRead      i2c.o
    0x080028a8   0x080028a8   0x0000008c   Code   RO          212    i.I2C_PageWrite     i2c.o
    0x08002934   0x08002934   0x00000008   Code   RO         1097    i.I2C_ReadDataReg   ac78xx_i2c.o
    0x0800293c   0x0800293c   0x00000038   Code   RO         1098    i.I2C_ReadLastOneByte  ac78xx_i2c.o
    0x08002974   0x08002974   0x00000060   Code   RO         1099    i.I2C_ReadOneByte   ac78xx_i2c.o
    0x080029d4   0x080029d4   0x0000003c   Code   RO         1101    i.I2C_Restart       ac78xx_i2c.o
    0x08002a10   0x08002a10   0x0000000a   Code   RO         1102    i.I2C_SendAck       ac78xx_i2c.o
    0x08002a1a   0x08002a1a   0x0000000c   Code   RO         1103    i.I2C_SendNack      ac78xx_i2c.o
    0x08002a26   0x08002a26   0x0000000c   Code   RO         1104    i.I2C_SendStart     ac78xx_i2c.o
    0x08002a32   0x08002a32   0x00000002   PAD
    0x08002a34   0x08002a34   0x00000040   Code   RO         1110    i.I2C_Start         ac78xx_i2c.o
    0x08002a74   0x08002a74   0x00000048   Code   RO         1111    i.I2C_Stop          ac78xx_i2c.o
    0x08002abc   0x08002abc   0x0000000c   Code   RO         1112    i.I2C_TxEn          ac78xx_i2c.o
    0x08002ac8   0x08002ac8   0x00000004   Code   RO         1114    i.I2C_WriteDataReg  ac78xx_i2c.o
    0x08002acc   0x08002acc   0x00000060   Code   RO         1115    i.I2C_WriteOneByte  ac78xx_i2c.o
    0x08002b2c   0x08002b2c   0x00000020   Code   RO          493    i.InitDelay         system_ac78xx.o
    0x08002b4c   0x08002b4c   0x00000058   Code   RO          152    i.MSP_CAN_Init      can.o
    0x08002ba4   0x08002ba4   0x00000020   Code   RO          215    i.MSP_I2C_Init      i2c.o
    0x08002bc4   0x08002bc4   0x00000038   Code   RO          279    i.MSP_TIMER_Init    timer.o
    0x08002bfc   0x08002bfc   0x00000058   Code   RO          334    i.MSP_UART_Init     uart.o
    0x08002c54   0x08002c54   0x0000007e   Code   RO          702    i.PMUX_SetPMUXxPFSELx  ac78xx_gpio.o
    0x08002cd2   0x08002cd2   0x00000002   PAD
    0x08002cd4   0x08002cd4   0x00000044   Code   RO         1955    i.SPM_EnablePLL     ac78xx_spm.o
    0x08002d18   0x08002d18   0x00000044   Code   RO         1957    i.SPM_EnableXOSC    ac78xx_spm.o
    0x08002d5c   0x08002d5c   0x0000000c   Code   RO         1959    i.SPM_GetModuleWakeupSourceFlag  ac78xx_spm.o
    0x08002d68   0x08002d68   0x00000044   Code   RO         1960    i.SPM_IRQHandler    ac78xx_spm.o
    0x08002dac   0x08002dac   0x00000070   Code   RO          494    i.SetEflashClock    system_ac78xx.o
    0x08002e1c   0x08002e1c   0x00000040   Code   RO          504    i.SysTickDelay      system_ac78xx.o
    0x08002e5c   0x08002e5c   0x0000001a   Code   RO          505    i.SysTickRepeatDelay  system_ac78xx.o
    0x08002e76   0x08002e76   0x00000042   Code   RO           14    i.SystemClock_Config  main.o
    0x08002eb8   0x08002eb8   0x00000008   Code   RO          506    i.SystemInit        system_ac78xx.o
    0x08002ec0   0x08002ec0   0x00000018   Code   RO         1565    i.TIMER0_IRQHandler  ac78xx_timer.o
    0x08002ed8   0x08002ed8   0x00000012   Code   RO          392    i.TIMER0_IRQHandler_Callback  ac78xx_irq_cb.o
    0x08002eea   0x08002eea   0x00000002   PAD
    0x08002eec   0x08002eec   0x00000018   Code   RO         1566    i.TIMER1_IRQHandler  ac78xx_timer.o
    0x08002f04   0x08002f04   0x00000028   Code   RO          393    i.TIMER1_IRQHandler_Callback  ac78xx_irq_cb.o
    0x08002f2c   0x08002f2c   0x00000018   Code   RO         1567    i.TIMER2_IRQHandler  ac78xx_timer.o
    0x08002f44   0x08002f44   0x00000018   Code   RO         1568    i.TIMER3_IRQHandler  ac78xx_timer.o
    0x08002f5c   0x08002f5c   0x00000018   Code   RO         1569    i.TIMER4_IRQHandler  ac78xx_timer.o
    0x08002f74   0x08002f74   0x00000018   Code   RO         1570    i.TIMER5_IRQHandler  ac78xx_timer.o
    0x08002f8c   0x08002f8c   0x00000018   Code   RO         1571    i.TIMER6_IRQHandler  ac78xx_timer.o
    0x08002fa4   0x08002fa4   0x00000018   Code   RO         1572    i.TIMER7_IRQHandler  ac78xx_timer.o
    0x08002fbc   0x08002fbc   0x0000000a   Code   RO         1573    i.TIMER_ClrIntFlag  ac78xx_timer.o
    0x08002fc6   0x08002fc6   0x00000002   PAD
    0x08002fc8   0x08002fc8   0x00000014   Code   RO         1576    i.TIMER_GetTimerCtrl  ac78xx_timer.o
    0x08002fdc   0x08002fdc   0x0000009c   Code   RO         1577    i.TIMER_Init        ac78xx_timer.o
    0x08003078   0x08003078   0x00000020   Code   RO         1579    i.TIMER_ModuleEnable  ac78xx_timer.o
    0x08003098   0x08003098   0x00000018   Code   RO         1580    i.TIMER_SetCallback  ac78xx_timer.o
    0x080030b0   0x080030b0   0x0000000a   Code   RO         1699    i.UART1_IRQHandler  ac78xx_uart.o
    0x080030ba   0x080030ba   0x00000002   PAD
    0x080030bc   0x080030bc   0x00000088   Code   RO          394    i.UART1_IRQHandler_Callback  ac78xx_irq_cb.o
    0x08003144   0x08003144   0x0000000a   Code   RO         1700    i.UART2_IRQHandler  ac78xx_uart.o
    0x0800314e   0x0800314e   0x0000000a   Code   RO         1701    i.UART3_IRQHandler  ac78xx_uart.o
    0x08003158   0x08003158   0x00000014   Code   RO          395    i.UART3_IRQHandler_Callback  ac78xx_irq_cb.o
    0x0800316c   0x0800316c   0x0000000a   Code   RO         1702    i.UART4_IRQHandler  ac78xx_uart.o
    0x08003176   0x08003176   0x0000000a   Code   RO         1703    i.UART5_IRQHandler  ac78xx_uart.o
    0x08003180   0x08003180   0x0000000a   Code   RO         1704    i.UART6_IRQHandler  ac78xx_uart.o
    0x0800318a   0x0800318a   0x00000002   PAD
    0x0800318c   0x0800318c   0x0000012c   Code   RO          396    i.UART_Command_Judge  ac78xx_irq_cb.o
    0x080032b8   0x080032b8   0x00000144   Code   RO         1708    i.UART_Init         ac78xx_uart.o
    0x080033fc   0x080033fc   0x0000004c   Code   RO         1709    i.UART_InterruptHandler  ac78xx_uart.o
    0x08003448   0x08003448   0x000000cc   Code   RO         1710    i.UART_SetBaudrate  ac78xx_uart.o
    0x08003514   0x08003514   0x00000078   Code   RO         1711    i.UART_SetDataBits  ac78xx_uart.o
    0x0800358c   0x0800358c   0x00000038   Code   RO         1712    i.UART_SetEventCallback  ac78xx_uart.o
    0x080035c4   0x080035c4   0x00000066   Code   RO         1713    i.UART_SetParity    ac78xx_uart.o
    0x0800362a   0x0800362a   0x00000018   Code   RO          335    i.UART_SetRxIntEn   uart.o
    0x08003642   0x08003642   0x00000002   PAD
    0x08003644   0x08003644   0x00000040   Code   RO          948    i.WaitTransmitPrimaryDone  ac78xx_can.o
    0x08003684   0x08003684   0x00000040   Code   RO          949    i.WaitTransmitSecondaryDone  ac78xx_can.o
    0x080036c4   0x080036c4   0x0000001e   Code   RO          507    i.WriteBitsValue    system_ac78xx.o
    0x080036e2   0x080036e2   0x00000002   PAD
    0x080036e4   0x080036e4   0x00000024   Code   RO         1116    i.__NVIC_DisableIRQ  ac78xx_i2c.o
    0x08003708   0x08003708   0x00000024   Code   RO         1582    i.__NVIC_DisableIRQ  ac78xx_timer.o
    0x0800372c   0x0800372c   0x00000022   Code   RO          153    i.__NVIC_EnableIRQ  can.o
    0x0800374e   0x0800374e   0x00000022   Code   RO          280    i.__NVIC_EnableIRQ  timer.o
    0x08003770   0x08003770   0x00000022   Code   RO          336    i.__NVIC_EnableIRQ  uart.o
    0x08003792   0x08003792   0x00000002   PAD
    0x08003794   0x08003794   0x00000028   Code   RO          154    i.__NVIC_SetPriority  can.o
    0x080037bc   0x080037bc   0x00000028   Code   RO          281    i.__NVIC_SetPriority  timer.o
    0x080037e4   0x080037e4   0x00000028   Code   RO          337    i.__NVIC_SetPriority  uart.o
    0x0800380c   0x0800380c   0x000000aa   Code   RO         2133    i.__kernel_poly     m_ws.l(poly.o)
    0x080038b6   0x080038b6   0x00000002   PAD
    0x080038b8   0x080038b8   0x00000010   Code   RO         2119    i.__mathlib_dbl_divzero  m_ws.l(dunder.o)
    0x080038c8   0x080038c8   0x00000006   Code   RO         2120    i.__mathlib_dbl_infnan  m_ws.l(dunder.o)
    0x080038ce   0x080038ce   0x0000000c   Code   RO         2122    i.__mathlib_dbl_invalid  m_ws.l(dunder.o)
    0x080038da   0x080038da   0x0000000e   Code   RO         2184    i.__scatterload_copy  mc_w.l(handlers.o)
    0x080038e8   0x080038e8   0x00000002   Code   RO         2185    i.__scatterload_null  mc_w.l(handlers.o)
    0x080038ea   0x080038ea   0x0000000e   Code   RO         2186    i.__scatterload_zeroinit  mc_w.l(handlers.o)
    0x080038f8   0x080038f8   0x0000000c   Code   RO         2158    i.__set_errno       mc_w.l(errno.o)
    0x08003904   0x08003904   0x0000035c   Code   RO         2081    i.log               m_ws.l(log.o)
    0x08003c60   0x08003c60   0x000000cc   Code   RO           15    i.main              main.o
    0x08003d2c   0x08003d2c   0x00000024   Code   RO          509    i.mdelay            system_ac78xx.o
    0x08003d50   0x08003d50   0x00000230   Data   RO          705    .constdata          ac78xx_gpio.o
    0x08003f80   0x08003f80   0x000000e8   Data   RO          951    .constdata          ac78xx_can.o
    0x08004068   0x08004068   0x00000028   Data   RO         1118    .constdata          ac78xx_i2c.o
    0x08004090   0x08004090   0x00000028   Data   RO         1584    .constdata          ac78xx_timer.o
    0x080040b8   0x080040b8   0x00000060   Data   RO         1722    .constdata          ac78xx_uart.o
    0x08004118   0x08004118   0x00000038   Data   RO         2082    .constdata          m_ws.l(log.o)
    0x08004150   0x08004150   0x00000008   Data   RO         2135    .constdata          m_ws.l(qnan.o)
    0x08004158   0x08004158   0x00000020   Data   RO         2182    Region$$Table       anon$$obj.o


    Execution Region RW_IRAM1 (Exec base: 0x20000000, Load base: 0x08004178, Size: 0x00000a08, Max: 0x00004000, ABSOLUTE)

    Exec Addr    Load Addr    Size         Type   Attr      Idx    E Section Name        Object

    0x20000000   0x08004178   0x00000015   Data   RW           16    .data               main.o
    0x20000015   0x0800418d   0x00000003   PAD
    0x20000018   0x08004190   0x00000095   Data   RW          399    .data               ac78xx_irq_cb.o
    0x200000ad   0x08004225   0x00000003   PAD
    0x200000b0   0x08004228   0x00000008   Data   RW          511    .data               system_ac78xx.o
    0x200000b8   0x08004230   0x00000030   Data   RW         1119    .data               ac78xx_i2c.o
    0x200000e8   0x08004260   0x00000004   Data   RW         1966    .data               ac78xx_spm.o
    0x200000ec   0x08004264   0x00000004   Data   RW         2159    .data               mc_w.l(errno.o)
    0x200000f0        -       0x0000007c   Zero   RW          397    .bss                ac78xx_irq_cb.o
    0x2000016c        -       0x0000001c   Zero   RW          704    .bss                ac78xx_gpio.o
    0x20000188        -       0x00000010   Zero   RW          950    .bss                ac78xx_can.o
    0x20000198        -       0x00000034   Zero   RW         1415    .bss                ac78xx_dma.o
    0x200001cc        -       0x00000020   Zero   RW         1583    .bss                ac78xx_timer.o
    0x200001ec        -       0x00000018   Zero   RW         1721    .bss                ac78xx_uart.o
    0x20000204   0x08004268   0x00000004   PAD
    0x20000208        -       0x00000800   Zero   RW            1    STACK               startup_ac78xx.o


==============================================================================

Image component sizes


      Code (inc. data)   RO Data    RW Data    ZI Data      Debug   Object Name

      1684         50        232          0         16      41972   ac78xx_can.o
       374         26          0          0          0       6307   ac78xx_ckgen.o
       528        120          0          0         52      13165   ac78xx_dma.o
      2644        228        560          0         28      25672   ac78xx_gpio.o
      1262         54         40         48          0      56199   ac78xx_i2c.o
      1662        146          0        149        124      17918   ac78xx_irq_cb.o
       216         30          0          4          0      28993   ac78xx_spm.o
       470         86         40          0         32      10482   ac78xx_timer.o
       942         38         96          0         24      14388   ac78xx_uart.o
       530         36          0          0          0       9835   can.o
        68          0          0          0          0        440   gpio.o
       620         28          0          0          0      17222   i2c.o
       270         14          0         21          0      11256   main.o
        76         20        284          0       2048        792   startup_ac78xx.o
       308         26          0          8          0       3736   system_ac78xx.o
       258         38          0          0          0       5057   timer.o
       370         36          0          0          0       9554   uart.o

    ----------------------------------------------------------------------
     12304        976       1284        236       2328     272988   Object Totals
         0          0         32          0          0          0   (incl. Generated)
        22          0          0          6          4          0   (incl. Padding)

    ----------------------------------------------------------------------

      Code (inc. data)   RO Data    RW Data    ZI Data      Debug   Library Member Name

        34          4          0          0          0        204   dunder.o
       860         52         56          0          0        256   log.o
       170          0          0          0          0         96   poly.o
         0          0          8          0          0          0   qnan.o
         0          0          0          0          0          0   entry.o
         0          0          0          0          0          0   entry10a.o
         0          0          0          0          0          0   entry11a.o
         4          0          0          0          0          0   entry12b.o
         8          4          0          0          0          0   entry2.o
         4          0          0          0          0          0   entry5.o
         0          0          0          0          0          0   entry7b.o
         0          0          0          0          0          0   entry8b.o
         8          4          0          0          0          0   entry9a.o
        12          6          0          4          0         68   errno.o
        30          0          0          0          0          0   handlers.o
        36          8          0          0          0         68   init.o
         0          0          0          0          0          0   iusefp.o
        30          0          0          0          0         68   llshl.o
        36          0          0          0          0         68   llsshr.o
        32          0          0          0          0         68   llushr.o
        36          0          0          0          0        108   memseta.o
        28          0          0          0          0         76   strcmp.o
        48          0          0          0          0         68   cdcmple.o
       334          0          0          0          0        148   dadd.o
       222          0          0          0          0        100   ddiv.o
       186          0          0          0          0        176   depilogue.o
        50          0          0          0          0         76   dfixui.o
        34          0          0          0          0         76   dflti.o
        26          0          0          0          0         76   dfltui.o
       228          0          0          0          0         96   dmul.o
        46          0          0          0          0         80   dscalb.o
       176          0          0          0          0        140   fadd.o
       124          0          0          0          0         88   fdiv.o
       110          0          0          0          0        168   fepilogue.o
        40          0          0          0          0         68   ffixui.o
        44          0          0          0          0         68   ffixul.o
        10          0          0          0          0         68   ffltui.o
       100          0          0          0          0         76   fmul.o

    ----------------------------------------------------------------------
      3108         78         64          4          0       2652   Library Totals
         2          0          0          0          0          0   (incl. Padding)

    ----------------------------------------------------------------------

      Code (inc. data)   RO Data    RW Data    ZI Data      Debug   Library Name

      1064         56         64          0          0        556   m_ws.l
       264         22          0          4          0        524   mc_w.l
      1778          0          0          0          0       1572   mf_w.l

    ----------------------------------------------------------------------
      3108         78         64          4          0       2652   Library Totals

    ----------------------------------------------------------------------

==============================================================================


      Code (inc. data)   RO Data    RW Data    ZI Data      Debug   

     15412       1054       1348        240       2328     266276   Grand Totals
     15412       1054       1348        240       2328     266276   ELF Image Totals
     15412       1054       1348        240          0          0   ROM Totals

==============================================================================

    Total RO  Size (Code + RO Data)                16760 (  16.37kB)
    Total RW  Size (RW Data + ZI Data)              2568 (   2.51kB)
    Total ROM Size (Code + RO Data + RW Data)      17000 (  16.60kB)

==============================================================================

