<html>
<body>
<pre>
<h1>µVision Build Log</h1>
<h2>Tool Versions:</h2>
IDE-Version: ¶ÃVision V5.36.0.0
Copyright (C) 2021 ARM Ltd and ARM Germany GmbH. All rights reserved.
License Information: -- ∂Œ≈Ù≥Ã, --, LIC=8VRJ7-EEDWH-EV61R-K7I3M-BJKCU-05641
 
Tool Versions:
Toolchain:       MDK-ARM Plus  Version: 5.36.0.0
Toolchain Path:  C:\Keil_v5\ARM\ARMCC\Bin
C Compiler:      Armcc.exe V5.06 update 7 (build 960)
Assembler:       Armasm.exe V5.06 update 7 (build 960)
Linker/Locator:  ArmLink.exe V5.06 update 7 (build 960)
Library Manager: ArmAr.exe V5.06 update 7 (build 960)
Hex Converter:   FromElf.exe V5.06 update 7 (build 960)
CPU DLL:         SARMCM3.DLL V5.36.0.0
Dialog DLL:      DCM.DLL V1.17.3.0
Target DLL:      STLink\ST-LINKIII-KEIL_SWO.dll V3.0.9.0
Dialog DLL:      TCM.DLL V1.53.0.0
 
<h2>Project:</h2>
G:\AutoChips Projrct\CAN_DOUBLE_7815\MDK-ARM\CAN_DOUBLE_7815.uvprojx
Project File Date:  04/05/2022

<h2>Output:</h2>
*** Using Compiler 'V5.06 update 7 (build 960)', folder: 'C:\Keil_v5\ARM\ARMCC\Bin'
Build target 'CAN_DOUBLE_7815'
compiling ac78xx_irq_cb.c...
linking...
Program Size: Code=15412 RO-data=1348 RW-data=240 ZI-data=2328  
FromELF: creating hex file...
"CAN_DOUBLE_7815\CAN_DOUBLE_7815.axf" - 0 Error(s), 0 Warning(s).

<h2>Software Packages used:</h2>

Package Vendor: ARM
                http://www.keil.com/pack/ARM.CMSIS.5.8.0.pack
                ARM.CMSIS.5.8.0
                CMSIS (Common Microcontroller Software Interface Standard)
   * Component: CORE Version: 5.5.0

Package Vendor: AutoChips
                http://fex.autochips.com:90/download/CMSIS_PACK/AC781x/AutoChips.AC781x_DFP.1.1.2.pack
                AutoChips.AC781x_DFP.1.1.2
                AutoChips ARM Cortex-M3 Device Family Pack

<h2>Collection of Component include folders:</h2>
  .\RTE\_CAN_DOUBLE_7815
  D:\Keil5 Packs\ARM\CMSIS\5.8.0\CMSIS\Core\Include
  D:\Keil5 Packs\AutoChips\AC781x_DFP\1.1.2\Device\Include

<h2>Collection of Component Files used:</h2>

   * Component: ARM::CMSIS:CORE:5.5.0
Build Time Elapsed:  00:00:02
</pre>
</body>
</html>
